Component: ARM Compiler 5.06 update 5 (build 528) Tool: armlink [4d35e2]

==============================================================================

Section Cross References

    startup_stm32f10x_md.o(STACK) refers (Special) to heapauxi.o(.text) for __use_two_region_memory
    startup_stm32f10x_md.o(HEAP) refers (Special) to heapauxi.o(.text) for __use_two_region_memory
    startup_stm32f10x_md.o(RESET) refers (Special) to heapauxi.o(.text) for __use_two_region_memory
    startup_stm32f10x_md.o(RESET) refers to startup_stm32f10x_md.o(STACK) for __initial_sp
    startup_stm32f10x_md.o(RESET) refers to startup_stm32f10x_md.o(.text) for Reset_Handler
    startup_stm32f10x_md.o(RESET) refers to stm32f10x_it.o(i.NMI_Handler) for NMI_Handler
    startup_stm32f10x_md.o(RESET) refers to stm32f10x_it.o(i.HardFault_Handler) for HardFault_Handler
    startup_stm32f10x_md.o(RESET) refers to stm32f10x_it.o(i.MemManage_Handler) for MemManage_Handler
    startup_stm32f10x_md.o(RESET) refers to stm32f10x_it.o(i.BusFault_Handler) for BusFault_Handler
    startup_stm32f10x_md.o(RESET) refers to stm32f10x_it.o(i.UsageFault_Handler) for UsageFault_Handler
    startup_stm32f10x_md.o(RESET) refers to stm32f10x_it.o(i.SVC_Handler) for SVC_Handler
    startup_stm32f10x_md.o(RESET) refers to stm32f10x_it.o(i.DebugMon_Handler) for DebugMon_Handler
    startup_stm32f10x_md.o(RESET) refers to stm32f10x_it.o(i.PendSV_Handler) for PendSV_Handler
    startup_stm32f10x_md.o(RESET) refers to stm32f10x_it.o(i.SysTick_Handler) for SysTick_Handler
    startup_stm32f10x_md.o(RESET) refers to main.o(i.TIM4_IRQHandler) for TIM4_IRQHandler
    startup_stm32f10x_md.o(RESET) refers to serial.o(i.USART3_IRQHandler) for USART3_IRQHandler
    startup_stm32f10x_md.o(.text) refers (Special) to heapauxi.o(.text) for __use_two_region_memory
    startup_stm32f10x_md.o(.text) refers to system_stm32f10x.o(i.SystemInit) for SystemInit
    startup_stm32f10x_md.o(.text) refers to __main.o(!!!main) for __main
    startup_stm32f10x_md.o(.text) refers to startup_stm32f10x_md.o(HEAP) for Heap_Mem
    startup_stm32f10x_md.o(.text) refers to startup_stm32f10x_md.o(STACK) for Stack_Mem
    system_stm32f10x.o(i.SetSysClock) refers to system_stm32f10x.o(i.SetSysClockTo72) for SetSysClockTo72
    system_stm32f10x.o(i.SystemCoreClockUpdate) refers to system_stm32f10x.o(.data) for SystemCoreClock
    system_stm32f10x.o(i.SystemInit) refers to system_stm32f10x.o(i.SetSysClock) for SetSysClock
    stm32f10x_adc.o(i.ADC_DeInit) refers to stm32f10x_rcc.o(i.RCC_APB2PeriphResetCmd) for RCC_APB2PeriphResetCmd
    stm32f10x_bkp.o(i.BKP_DeInit) refers to stm32f10x_rcc.o(i.RCC_BackupResetCmd) for RCC_BackupResetCmd
    stm32f10x_can.o(i.CAN_DeInit) refers to stm32f10x_rcc.o(i.RCC_APB1PeriphResetCmd) for RCC_APB1PeriphResetCmd
    stm32f10x_can.o(i.CAN_GetITStatus) refers to stm32f10x_can.o(i.CheckITStatus) for CheckITStatus
    stm32f10x_cec.o(i.CEC_DeInit) refers to stm32f10x_rcc.o(i.RCC_APB1PeriphResetCmd) for RCC_APB1PeriphResetCmd
    stm32f10x_dac.o(i.DAC_DeInit) refers to stm32f10x_rcc.o(i.RCC_APB1PeriphResetCmd) for RCC_APB1PeriphResetCmd
    stm32f10x_flash.o(i.FLASH_EnableWriteProtection) refers to stm32f10x_flash.o(i.FLASH_WaitForLastOperation) for FLASH_WaitForLastOperation
    stm32f10x_flash.o(i.FLASH_EraseAllBank1Pages) refers to stm32f10x_flash.o(i.FLASH_WaitForLastBank1Operation) for FLASH_WaitForLastBank1Operation
    stm32f10x_flash.o(i.FLASH_EraseAllPages) refers to stm32f10x_flash.o(i.FLASH_WaitForLastOperation) for FLASH_WaitForLastOperation
    stm32f10x_flash.o(i.FLASH_EraseOptionBytes) refers to stm32f10x_flash.o(i.FLASH_GetReadOutProtectionStatus) for FLASH_GetReadOutProtectionStatus
    stm32f10x_flash.o(i.FLASH_EraseOptionBytes) refers to stm32f10x_flash.o(i.FLASH_WaitForLastOperation) for FLASH_WaitForLastOperation
    stm32f10x_flash.o(i.FLASH_ErasePage) refers to stm32f10x_flash.o(i.FLASH_WaitForLastOperation) for FLASH_WaitForLastOperation
    stm32f10x_flash.o(i.FLASH_ProgramHalfWord) refers to stm32f10x_flash.o(i.FLASH_WaitForLastOperation) for FLASH_WaitForLastOperation
    stm32f10x_flash.o(i.FLASH_ProgramOptionByteData) refers to stm32f10x_flash.o(i.FLASH_WaitForLastOperation) for FLASH_WaitForLastOperation
    stm32f10x_flash.o(i.FLASH_ProgramWord) refers to stm32f10x_flash.o(i.FLASH_WaitForLastOperation) for FLASH_WaitForLastOperation
    stm32f10x_flash.o(i.FLASH_ReadOutProtection) refers to stm32f10x_flash.o(i.FLASH_WaitForLastOperation) for FLASH_WaitForLastOperation
    stm32f10x_flash.o(i.FLASH_UserOptionByteConfig) refers to stm32f10x_flash.o(i.FLASH_WaitForLastOperation) for FLASH_WaitForLastOperation
    stm32f10x_flash.o(i.FLASH_WaitForLastBank1Operation) refers to stm32f10x_flash.o(i.FLASH_GetBank1Status) for FLASH_GetBank1Status
    stm32f10x_flash.o(i.FLASH_WaitForLastOperation) refers to stm32f10x_flash.o(i.FLASH_GetBank1Status) for FLASH_GetBank1Status
[...]
    ../clib/stdlib.c                         0x00000000   Number         0  exit.o ABSOLUTE
    ../fplib/d2f.s                           0x00000000   Number         0  d2f.o ABSOLUTE
    ../fplib/daddsub.s                       0x00000000   Number         0  daddsub_clz.o ABSOLUTE
    ../fplib/ddiv.s                          0x00000000   Number         0  ddiv.o ABSOLUTE
    ../fplib/dflt.s                          0x00000000   Number         0  dflt_clz.o ABSOLUTE
    ../fplib/dnaninf.s                       0x00000000   Number         0  dnaninf.o ABSOLUTE
    ../fplib/dretinf.s                       0x00000000   Number         0  dretinf.o ABSOLUTE
    ../fplib/f2d.s                           0x00000000   Number         0  f2d.o ABSOLUTE
    ../fplib/faddsub.s                       0x00000000   Number         0  faddsub_clz.o ABSOLUTE
    ../fplib/fcmpi.s                         0x00000000   Number         0  fcmpi.o ABSOLUTE
    ../fplib/fdiv.s                          0x00000000   Number         0  fdiv.o ABSOLUTE
    ../fplib/ffix.s                          0x00000000   Number         0  ffix.o ABSOLUTE
    ../fplib/fflt.s                          0x00000000   Number         0  fflt_clz.o ABSOLUTE
    ../fplib/fleqf.s                         0x00000000   Number         0  fleqf.o ABSOLUTE
    ../fplib/fmul.s                          0x00000000   Number         0  fmul.o ABSOLUTE
    ../fplib/fnaninf.s                       0x00000000   Number         0  fnaninf.o ABSOLUTE
    ../fplib/fpinit.s                        0x00000000   Number         0  fpinit.o ABSOLUTE
    ../fplib/fretinf.s                       0x00000000   Number         0  fretinf.o ABSOLUTE
    ../fplib/frleqf.s                        0x00000000   Number         0  frleqf.o ABSOLUTE
    ../fplib/istatus.s                       0x00000000   Number         0  istatus.o ABSOLUTE
    ../fplib/printf1.s                       0x00000000   Number         0  printf1.o ABSOLUTE
    ../fplib/printf2.s                       0x00000000   Number         0  printf2.o ABSOLUTE
    ../fplib/printf2a.s                      0x00000000   Number         0  printf2a.o ABSOLUTE
    ../fplib/printf2b.s                      0x00000000   Number         0  printf2b.o ABSOLUTE
    ../fplib/usenofp.s                       0x00000000   Number         0  usenofp.o ABSOLUTE
    ../mathlib/fpclassify.c                  0x00000000   Number         0  fpclassify.o ABSOLUTE
    Hardware\Bluetooth.c                     0x00000000   Number         0  bluetooth.o ABSOLUTE
    Hardware\Encoder.c                       0x00000000   Number         0  encoder.o ABSOLUTE
    Hardware\Key.c                           0x00000000   Number         0  key.o ABSOLUTE
    Hardware\LED.c                           0x00000000   Number         0  led.o ABSOLUTE
    Hardware\MPU6050.c                       0x00000000   Number         0  mpu6050.o ABSOLUTE
    Hardware\OLED.c                          0x00000000   Number         0  oled.o ABSOLUTE
    Hardware\PID.c                           0x00000000   Number         0  pid.o ABSOLUTE
    Hardware\Sensor.c                        0x00000000   Number         0  sensor.o ABSOLUTE
    Hardware\Serial.c                        0x00000000   Number         0  serial.o ABSOLUTE
    Hardware\Speed.c                         0x00000000   Number         0  speed.o ABSOLUTE
    Hardware\buzzer.c                        0x00000000   Number         0  buzzer.o ABSOLUTE
    Hardware\lunzi.c                         0x00000000   Number         0  lunzi.o ABSOLUTE
    Hardware\pwm.c                           0x00000000   Number         0  pwm.o ABSOLUTE
    Library\misc.c                           0x00000000   Number         0  misc.o ABSOLUTE
    Library\stm32f10x_adc.c                  0x00000000   Number         0  stm32f10x_adc.o ABSOLUTE
    Library\stm32f10x_bkp.c                  0x00000000   Number         0  stm32f10x_bkp.o ABSOLUTE
    Library\stm32f10x_can.c                  0x00000000   Number         0  stm32f10x_can.o ABSOLUTE
    Library\stm32f10x_cec.c                  0x00000000   Number         0  stm32f10x_cec.o ABSOLUTE
    Library\stm32f10x_crc.c                  0x00000000   Number         0  stm32f10x_crc.o ABSOLUTE
    Library\stm32f10x_dac.c                  0x00000000   Number         0  stm32f10x_dac.o ABSOLUTE
    Library\stm32f10x_dbgmcu.c               0x00000000   Number         0  stm32f10x_dbgmcu.o ABSOLUTE
    Library\stm32f10x_dma.c                  0x00000000   Number         0  stm32f10x_dma.o ABSOLUTE
    Library\stm32f10x_exti.c                 0x00000000   Number         0  stm32f10x_exti.o ABSOLUTE
    Library\stm32f10x_flash.c                0x00000000   Number         0  stm32f10x_flash.o ABSOLUTE
    Library\stm32f10x_fsmc.c                 0x00000000   Number         0  stm32f10x_fsmc.o ABSOLUTE
    Library\stm32f10x_gpio.c                 0x00000000   Number         0  stm32f10x_gpio.o ABSOLUTE
    Library\stm32f10x_i2c.c                  0x00000000   Number         0  stm32f10x_i2c.o ABSOLUTE
    Library\stm32f10x_iwdg.c                 0x00000000   Number         0  stm32f10x_iwdg.o ABSOLUTE
    Library\stm32f10x_pwr.c                  0x00000000   Number         0  stm32f10x_pwr.o ABSOLUTE
    Library\stm32f10x_rcc.c                  0x00000000   Number         0  stm32f10x_rcc.o ABSOLUTE
    Library\stm32f10x_rtc.c                  0x00000000   Number         0  stm32f10x_rtc.o ABSOLUTE
    Library\stm32f10x_sdio.c                 0x00000000   Number         0  stm32f10x_sdio.o ABSOLUTE
    Library\stm32f10x_spi.c                  0x00000000   Number         0  stm32f10x_spi.o ABSOLUTE
    Library\stm32f10x_tim.c                  0x00000000   Number         0  stm32f10x_tim.o ABSOLUTE
    Library\stm32f10x_usart.c                0x00000000   Number         0  stm32f10x_usart.o ABSOLUTE
    Library\stm32f10x_wwdg.c                 0x00000000   Number         0  stm32f10x_wwdg.o ABSOLUTE
    Start\\core_cm3.c                        0x00000000   Number         0  core_cm3.o ABSOLUTE
    Start\core_cm3.c                         0x00000000   Number         0  core_cm3.o ABSOLUTE
    Start\startup_stm32f10x_md.s             0x00000000   Number         0  startup_stm32f10x_md.o ABSOLUTE
    Start\system_stm32f10x.c                 0x00000000   Number         0  system_stm32f10x.o ABSOLUTE
    System\Delay.c                           0x00000000   Number         0  delay.o ABSOLUTE
    System\Timer.c                           0x00000000   Number         0  timer.o ABSOLUTE
    User\main.c                              0x00000000   Number         0  main.o ABSOLUTE
    User\stm32f10x_it.c                      0x00000000   Number         0  stm32f10x_it.o ABSOLUTE
    dc.s                                     0x00000000   Number         0  dc.o ABSOLUTE
    RESET                                    0x08000000   Section      236  startup_stm32f10x_md.o(RESET)
    !!!main                                  0x080000ec   Section        8  __main.o(!!!main)
    !!!scatter                               0x080000f4   Section       52  __scatter.o(!!!scatter)
    !!handler_copy                           0x08000128   Section       26  __scatter_copy.o(!!handler_copy)
    !!handler_zi                             0x08000144   Section       28  __scatter_zi.o(!!handler_zi)
    .ARM.Collect$$libinit$$00000000          0x08000160   Section        2  libinit.o(.ARM.Collect$$libinit$$00000000)
    .ARM.Collect$$libinit$$00000002          0x08000162   Section        0  libinit2.o(.ARM.Collect$$libinit$$00000002)
    .ARM.Collect$$libinit$$00000004          0x08000162   Section        0  libinit2.o(.ARM.Collect$$libinit$$00000004)
    .ARM.Collect$$libinit$$0000000A          0x08000162   Section        0  libinit2.o(.ARM.Collect$$libinit$$0000000A)
    .ARM.Collect$$libinit$$0000000C          0x08000162   Section        0  libinit2.o(.ARM.Collect$$libinit$$0000000C)
    .ARM.Collect$$libinit$$0000000E          0x08000162   Section        0  libinit2.o(.ARM.Collect$$libinit$$0000000E)
    .ARM.Collect$$libinit$$00000011          0x08000162   Section        0  libinit2.o(.ARM.Collect$$libinit$$00000011)
    .ARM.Collect$$libinit$$00000013          0x08000162   Section        0  libinit2.o(.ARM.Collect$$libinit$$00000013)
    .ARM.Collect$$libinit$$00000015          0x08000162   Section        0  libinit2.o(.ARM.Collect$$libinit$$00000015)
    .ARM.Collect$$libinit$$00000017          0x08000162   Section        0  libinit2.o(.ARM.Collect$$libinit$$00000017)
    .ARM.Collect$$libinit$$00000019          0x08000162   Section        0  libinit2.o(.ARM.Collect$$libinit$$00000019)
    .ARM.Collect$$libinit$$0000001B          0x08000162   Section        0  libinit2.o(.ARM.Collect$$libinit$$0000001B)
    .ARM.Collect$$libinit$$0000001D          0x08000162   Section        0  libinit2.o(.ARM.Collect$$libinit$$0000001D)
    .ARM.Collect$$libinit$$0000001F          0x08000162   Section        0  libinit2.o(.ARM.Collect$$libinit$$0000001F)
    .ARM.Collect$$libinit$$00000021          0x08000162   Section        0  libinit2.o(.ARM.Collect$$libinit$$00000021)
    .ARM.Collect$$libinit$$00000023          0x08000162   Section        0  libinit2.o(.ARM.Collect$$libinit$$00000023)
    .ARM.Collect$$libinit$$00000025          0x08000162   Section        0  libinit2.o(.ARM.Collect$$libinit$$00000025)
    .ARM.Collect$$libinit$$0000002C          0x08000162   Section        0  libinit2.o(.ARM.Collect$$libinit$$0000002C)
    .ARM.Collect$$libinit$$0000002E          0x08000162   Section        0  libinit2.o(.ARM.Collect$$libinit$$0000002E)
    .ARM.Collect$$libinit$$00000030          0x08000162   Section        0  libinit2.o(.ARM.Collect$$libinit$$00000030)
    .ARM.Collect$$libinit$$00000032          0x08000162   Section        0  libinit2.o(.ARM.Collect$$libinit$$00000032)
    .ARM.Collect$$libinit$$00000033          0x08000162   Section        2  libinit2.o(.ARM.Collect$$libinit$$00000033)
    .ARM.Collect$$libshutdown$$00000000      0x08000164   Section        2  libshutdown.o(.ARM.Collect$$libshutdown$$00000000)
    .ARM.Collect$$libshutdown$$00000002      0x08000166   Section        0  libshutdown2.o(.ARM.Collect$$libshutdown$$00000002)
    .ARM.Collect$$libshutdown$$00000004      0x08000166   Section        0  libshutdown2.o(.ARM.Collect$$libshutdown$$00000004)
    .ARM.Collect$$libshutdown$$00000007      0x08000166   Section        0  libshutdown2.o(.ARM.Collect$$libshutdown$$00000007)
    .ARM.Collect$$libshutdown$$0000000A      0x08000166   Section        0  libshutdown2.o(.ARM.Collect$$libshutdown$$0000000A)
    .ARM.Collect$$libshutdown$$0000000C      0x08000166   Section        0  libshutdown2.o(.ARM.Collect$$libshutdown$$0000000C)
    .ARM.Collect$$libshutdown$$0000000F      0x08000166   Section        0  libshutdown2.o(.ARM.Collect$$libshutdown$$0000000F)
    .ARM.Collect$$libshutdown$$00000010      0x08000166   Section        2  libshutdown2.o(.ARM.Collect$$libshutdown$$00000010)
    .ARM.Collect$$rtentry$$00000000          0x08000168   Section        0  __rtentry.o(.ARM.Collect$$rtentry$$00000000)
    .ARM.Collect$$rtentry$$00000002          0x08000168   Section        0  __rtentry2.o(.ARM.Collect$$rtentry$$00000002)
    .ARM.Collect$$rtentry$$00000004          0x08000168   Section        6  __rtentry4.o(.ARM.Collect$$rtentry$$00000004)
    .ARM.Collect$$rtentry$$00000009          0x0800016e   Section        0  __rtentry2.o(.ARM.Collect$$rtentry$$00000009)
    .ARM.Collect$$rtentry$$0000000A          0x0800016e   Section        4  __rtentry2.o(.ARM.Collect$$rtentry$$0000000A)
    .ARM.Collect$$rtentry$$0000000C          0x08000172   Section        0  __rtentry2.o(.ARM.Collect$$rtentry$$0000000C)
    .ARM.Collect$$rtentry$$0000000D          0x08000172   Section        8  __rtentry2.o(.ARM.Collect$$rtentry$$0000000D)
    .ARM.Collect$$rtexit$$00000000           0x0800017a   Section        2  rtexit.o(.ARM.Collect$$rtexit$$00000000)
    .ARM.Collect$$rtexit$$00000002           0x0800017c   Section        0  rtexit2.o(.ARM.Collect$$rtexit$$00000002)
    .ARM.Collect$$rtexit$$00000003           0x0800017c   Section        4  rtexit2.o(.ARM.Collect$$rtexit$$00000003)
    .ARM.Collect$$rtexit$$00000004           0x08000180   Section        6  rtexit2.o(.ARM.Collect$$rtexit$$00000004)
    .text                                    0x08000188   Section       64  startup_stm32f10x_md.o(.text)
    .text                                    0x080001c8   Section        0  heapauxi.o(.text)
    .text                                    0x080001ce   Section       74  sys_stackheap_outer.o(.text)
    .text                                    0x08000218   Section        0  exit.o(.text)
    .text                                    0x0800022c   Section        8  libspace.o(.text)
    .text                                    0x08000234   Section        0  sys_exit.o(.text)
    .text                                    0x08000240   Section        2  use_no_semi.o(.text)
    .text                                    0x08000242   Section        0  indicate_semi.o(.text)
    i.BusFault_Handler                       0x08000242   Section        0  stm32f10x_it.o(i.BusFault_Handler)
    i.DebugMon_Handler                       0x08000246   Section        0  stm32f10x_it.o(i.DebugMon_Handler)
    i.Delay_ms                               0x08000248   Section        0  delay.o(i.Delay_ms)
    i.Delay_s                                0x08000260   Section        0  delay.o(i.Delay_s)
    i.Delay_us                               0x08000278   Section        0  delay.o(i.Delay_us)
    i.Encoder_Get                            0x080002a8   Section        0  encoder.o(i.Encoder_Get)
    i.Encoder_Get2                           0x080002c4   Section        0  encoder.o(i.Encoder_Get2)
    i.Encoder_Init                           0x080002e0   Section        0  encoder.o(i.Encoder_Init)
    i.Encoder_Init2                          0x08000384   Section        0  encoder.o(i.Encoder_Init2)
    i.GPIO_Init                              0x08000424   Section        0  stm32f10x_gpio.o(i.GPIO_Init)
    i.GPIO_ReadInputDataBit                  0x0800053a   Section        0  stm32f10x_gpio.o(i.GPIO_ReadInputDataBit)
    i.GPIO_ResetBits                         0x0800054c   Section        0  stm32f10x_gpio.o(i.GPIO_ResetBits)
    i.GPIO_SetBits                           0x08000550   Section        0  stm32f10x_gpio.o(i.GPIO_SetBits)
    i.GPIO_WriteBit                          0x08000554   Section        0  stm32f10x_gpio.o(i.GPIO_WriteBit)
    i.HardFault_Handler                      0x0800055e   Section        0  stm32f10x_it.o(i.HardFault_Handler)
    i.I2C_AcknowledgeConfig                  0x08000562   Section        0  stm32f10x_i2c.o(i.I2C_AcknowledgeConfig)
    i.I2C_CheckEvent                         0x0800057a   Section        0  stm32f10x_i2c.o(i.I2C_CheckEvent)
    i.I2C_Cmd                                0x080005a4   Section        0  stm32f10x_i2c.o(i.I2C_Cmd)
    i.I2C_GenerateSTART                      0x080005bc   Section        0  stm32f10x_i2c.o(i.I2C_GenerateSTART)
    i.I2C_GenerateSTOP                       0x080005d4   Section        0  stm32f10x_i2c.o(i.I2C_GenerateSTOP)
    i.I2C_Init                               0x080005ec   Section        0  stm32f10x_i2c.o(i.I2C_Init)
    i.I2C_ReceiveData                        0x080006d8   Section        0  stm32f10x_i2c.o(i.I2C_ReceiveData)
    i.I2C_Send7bitAddress                    0x080006e0   Section        0  stm32f10x_i2c.o(i.I2C_Send7bitAddress)
    i.I2C_SendData                           0x080006f2   Section        0  stm32f10x_i2c.o(i.I2C_SendData)
    i.MPU6050_GetData                        0x080006f6   Section        0  mpu6050.o(i.MPU6050_GetData)
    i.MPU6050_Init                           0x080007a4   Section        0  mpu6050.o(i.MPU6050_Init)
    i.MPU6050_ReadReg                        0x08000848   Section        0  mpu6050.o(i.MPU6050_ReadReg)
    i.MPU6050_WaitEvent                      0x080008e0   Section        0  mpu6050.o(i.MPU6050_WaitEvent)
    i.MPU6050_WriteReg                       0x08000904   Section        0  mpu6050.o(i.MPU6050_WriteReg)
    i.MemManage_Handler                      0x08000968   Section        0  stm32f10x_it.o(i.MemManage_Handler)
    i.NMI_Handler                            0x0800096c   Section        0  stm32f10x_it.o(i.NMI_Handler)
    i.NVIC_Init                              0x08000970   Section        0  misc.o(i.NVIC_Init)
    i.NVIC_PriorityGroupConfig               0x080009e0   Section        0  misc.o(i.NVIC_PriorityGroupConfig)
    i.OLED_Clear                             0x080009f4   Section        0  oled.o(i.OLED_Clear)
    i.OLED_I2C_Init                          0x08000a20   Section        0  oled.o(i.OLED_I2C_Init)
    i.OLED_I2C_SendByte                      0x08000a6c   Section        0  oled.o(i.OLED_I2C_SendByte)
    i.OLED_I2C_Start                         0x08000abc   Section        0  oled.o(i.OLED_I2C_Start)
    i.OLED_I2C_Stop                          0x08000aec   Section        0  oled.o(i.OLED_I2C_Stop)
    i.OLED_Init                              0x08000b14   Section        0  oled.o(i.OLED_Init)
    i.OLED_Pow                               0x08000bc2   Section        0  oled.o(i.OLED_Pow)
    i.OLED_SetCursor                         0x08000bd6   Section        0  oled.o(i.OLED_SetCursor)
    i.OLED_ShowChar                          0x08000bf8   Section        0  oled.o(i.OLED_ShowChar)
    i.OLED_ShowHexNum                        0x08000c6c   Section        0  oled.o(i.OLED_ShowHexNum)
    i.OLED_ShowString                        0x08000cc0   Section        0  oled.o(i.OLED_ShowString)
    i.OLED_WriteCommand                      0x08000ce8   Section        0  oled.o(i.OLED_WriteCommand)
    i.OLED_WriteData                         0x08000d08   Section        0  oled.o(i.OLED_WriteData)
    i.PendSV_Handler                         0x08000d28   Section        0  stm32f10x_it.o(i.PendSV_Handler)
    i.RCC_APB1PeriphClockCmd                 0x08000d2c   Section        0  stm32f10x_rcc.o(i.RCC_APB1PeriphClockCmd)
    i.RCC_APB2PeriphClockCmd                 0x08000d4c   Section        0  stm32f10x_rcc.o(i.RCC_APB2PeriphClockCmd)
    i.RCC_GetClocksFreq                      0x08000d6c   Section        0  stm32f10x_rcc.o(i.RCC_GetClocksFreq)
    i.SVC_Handler                            0x08000e40   Section        0  stm32f10x_it.o(i.SVC_Handler)
    i.Sensor_init                            0x08000e44   Section        0  sensor.o(i.Sensor_init)
    i.Serial_Init                            0x08000e9c   Section        0  serial.o(i.Serial_Init)
    i.SetSysClock                            0x08000f54   Section        0  system_stm32f10x.o(i.SetSysClock)
    SetSysClock                              0x08000f55   Thumb Code     8  system_stm32f10x.o(i.SetSysClock)
    i.SetSysClockTo72                        0x08000f5c   Section        0  system_stm32f10x.o(i.SetSysClockTo72)
    SetSysClockTo72                          0x08000f5d   Thumb Code   214  system_stm32f10x.o(i.SetSysClockTo72)
    i.Set_speed                              0x0800103c   Section        0  pid.o(i.Set_speed)
    i.Su_fortrack                            0x080010a0   Section        0  pid.o(i.Su_fortrack)
    i.Su_forturn                             0x0800117c   Section        0  pid.o(i.Su_forturn)
    i.SysTick_Handler                        0x080011d4   Section        0  stm32f10x_it.o(i.SysTick_Handler)
    i.SystemInit                             0x080011d8   Section        0  system_stm32f10x.o(i.SystemInit)
    i.TI1_Config                             0x08001238   Section        0  stm32f10x_tim.o(i.TI1_Config)
    TI1_Config                               0x08001239   Thumb Code   108  stm32f10x_tim.o(i.TI1_Config)
    i.TI2_Config                             0x080012b8   Section        0  stm32f10x_tim.o(i.TI2_Config)
    TI2_Config                               0x080012b9   Thumb Code   130  stm32f10x_tim.o(i.TI2_Config)
    i.TI3_Config                             0x08001350   Section        0  stm32f10x_tim.o(i.TI3_Config)
    TI3_Config                               0x08001351   Thumb Code   122  stm32f10x_tim.o(i.TI3_Config)
    i.TI4_Config                             0x080013e0   Section        0  stm32f10x_tim.o(i.TI4_Config)
    TI4_Config                               0x080013e1   Thumb Code   130  stm32f10x_tim.o(i.TI4_Config)
    i.TIM2_PWM_Init                          0x08001478   Section        0  pwm.o(i.TIM2_PWM_Init)
    i.TIM3_Init_Init                         0x08001548   Section        0  pwm.o(i.TIM3_Init_Init)
    i.TIM4_IRQHandler                        0x080015a8   Section        0  main.o(i.TIM4_IRQHandler)
    i.TIM_ARRPreloadConfig                   0x080017a4   Section        0  stm32f10x_tim.o(i.TIM_ARRPreloadConfig)
    i.TIM_Cmd                                0x080017bc   Section        0  stm32f10x_tim.o(i.TIM_Cmd)
    i.TIM_EncoderInterfaceConfig             0x080017d4   Section        0  stm32f10x_tim.o(i.TIM_EncoderInterfaceConfig)
    i.TIM_GetCounter                         0x08001816   Section        0  stm32f10x_tim.o(i.TIM_GetCounter)
    i.TIM_ICInit                             0x0800181c   Section        0  stm32f10x_tim.o(i.TIM_ICInit)
    i.TIM_ICStructInit                       0x080018c8   Section        0  stm32f10x_tim.o(i.TIM_ICStructInit)
    i.TIM_ITConfig                           0x080018da   Section        0  stm32f10x_tim.o(i.TIM_ITConfig)
    i.TIM_OC3Init                            0x080018ec   Section        0  stm32f10x_tim.o(i.TIM_OC3Init)
    i.TIM_OC3PreloadConfig                   0x0800198c   Section        0  stm32f10x_tim.o(i.TIM_OC3PreloadConfig)
    i.TIM_OC4Init                            0x080019a0   Section        0  stm32f10x_tim.o(i.TIM_OC4Init)
    i.TIM_OC4PreloadConfig                   0x08001a1c   Section        0  stm32f10x_tim.o(i.TIM_OC4PreloadConfig)
    i.TIM_SetCompare3                        0x08001a36   Section        0  stm32f10x_tim.o(i.TIM_SetCompare3)
    i.TIM_SetCompare4                        0x08001a3a   Section        0  stm32f10x_tim.o(i.TIM_SetCompare4)
    i.TIM_SetCounter                         0x08001a40   Section        0  stm32f10x_tim.o(i.TIM_SetCounter)
    i.TIM_SetIC1Prescaler                    0x08001a44   Section        0  stm32f10x_tim.o(i.TIM_SetIC1Prescaler)
    i.TIM_SetIC2Prescaler                    0x08001a56   Section        0  stm32f10x_tim.o(i.TIM_SetIC2Prescaler)
    i.TIM_SetIC3Prescaler                    0x08001a70   Section        0  stm32f10x_tim.o(i.TIM_SetIC3Prescaler)
    i.TIM_SetIC4Prescaler                    0x08001a82   Section        0  stm32f10x_tim.o(i.TIM_SetIC4Prescaler)
    i.TIM_TimeBaseInit                       0x08001a9c   Section        0  stm32f10x_tim.o(i.TIM_TimeBaseInit)
    i.USART3_IRQHandler                      0x08001b40   Section        0  serial.o(i.USART3_IRQHandler)
    i.USART_ClearITPendingBit                0x08001bd4   Section        0  stm32f10x_usart.o(i.USART_ClearITPendingBit)
    i.USART_Cmd                              0x08001bf2   Section        0  stm32f10x_usart.o(i.USART_Cmd)
    i.USART_GetITStatus                      0x08001c0a   Section        0  stm32f10x_usart.o(i.USART_GetITStatus)
    i.USART_ITConfig                         0x08001c5e   Section        0  stm32f10x_usart.o(i.USART_ITConfig)
    i.USART_Init                             0x08001ca8   Section        0  stm32f10x_usart.o(i.USART_Init)
    i.USART_ReceiveData                      0x08001d80   Section        0  stm32f10x_usart.o(i.USART_ReceiveData)
    i.UsageFault_Handler                     0x08001d8a   Section        0  stm32f10x_it.o(i.UsageFault_Handler)
    i.Xianfu                                 0x08001d90   Section        0  pid.o(i.Xianfu)
    i.aybs                                   0x08001de8   Section        0  pid.o(i.aybs)
    i.bluetooth_init                         0x08001df8   Section        0  bluetooth.o(i.bluetooth_init)
    i.buzzer_init                            0x08001e24   Section        0  buzzer.o(i.buzzer_init)
    i.buzzer_on                              0x08001e50   Section        0  buzzer.o(i.buzzer_on)
    i.forward                                0x08001e74   Section        0  lunzi.o(i.forward)
    i.lunzi_Init                             0x08001ea4   Section        0  lunzi.o(i.lunzi_Init)
    i.main                                   0x08001ef4   Section        0  main.o(i.main)
    i.pid1                                   0x08001fcc   Section        0  pid.o(i.pid1)
    i.pid2                                   0x080020a4   Section        0  pid.o(i.pid2)
    i.read_sensor                            0x0800217c   Section        0  sensor.o(i.read_sensor)
    i.stop                                   0x080024e0   Section        0  lunzi.o(i.stop)
    i.turn_pid                               0x08002510   Section        0  pid.o(i.turn_pid)
    x$fpl$d2f                                0x080025f4   Section       98  d2f.o(x$fpl$d2f)
    x$fpl$dadd                               0x08002658   Section      336  daddsub_clz.o(x$fpl$dadd)
    _dadd1                                   0x08002669   Thumb Code     0  daddsub_clz.o(x$fpl$dadd)
    x$fpl$ddiv                               0x080027a8   Section      688  ddiv.o(x$fpl$ddiv)
    ddiv_entry                               0x080027af   Thumb Code     0  ddiv.o(x$fpl$ddiv)
    x$fpl$dflt                               0x08002a58   Section       46  dflt_clz.o(x$fpl$dflt)
    x$fpl$dnaninf                            0x08002a86   Section      156  dnaninf.o(x$fpl$dnaninf)
    x$fpl$dretinf                            0x08002b22   Section       12  dretinf.o(x$fpl$dretinf)
    x$fpl$dsub                               0x08002b30   Section      468  daddsub_clz.o(x$fpl$dsub)
    _dsub1                                   0x08002b41   Thumb Code     0  daddsub_clz.o(x$fpl$dsub)
    x$fpl$f2d                                0x08002d04   Section       86  f2d.o(x$fpl$f2d)
    x$fpl$fadd                               0x08002d5c   Section      196  faddsub_clz.o(x$fpl$fadd)
    _fadd1                                   0x08002d6b   Thumb Code     0  faddsub_clz.o(x$fpl$fadd)
    x$fpl$fcmpinf                            0x08002e20   Section       24  fcmpi.o(x$fpl$fcmpinf)
    x$fpl$fdiv                               0x08002e38   Section      388  fdiv.o(x$fpl$fdiv)
    _fdiv1                                   0x08002e39   Thumb Code     0  fdiv.o(x$fpl$fdiv)
    x$fpl$ffix                               0x08002fbc   Section       54  ffix.o(x$fpl$ffix)
    x$fpl$fflt                               0x08002ff4   Section       48  fflt_clz.o(x$fpl$fflt)
    x$fpl$fleqf                              0x08003024   Section      104  fleqf.o(x$fpl$fleqf)
    x$fpl$fmul                               0x0800308c   Section      258  fmul.o(x$fpl$fmul)
    x$fpl$fnaninf                            0x0800318e   Section      140  fnaninf.o(x$fpl$fnaninf)
    x$fpl$fretinf                            0x0800321a   Section       10  fretinf.o(x$fpl$fretinf)
    x$fpl$frleqf                             0x08003224   Section       98  frleqf.o(x$fpl$frleqf)
    x$fpl$frsb                               0x08003286   Section       20  faddsub_clz.o(x$fpl$frsb)
    x$fpl$fsub                               0x0800329c   Section      234  faddsub_clz.o(x$fpl$fsub)
    _fsub1                                   0x080032ab   Thumb Code     0  faddsub_clz.o(x$fpl$fsub)
    .constdata                               0x08003386   Section     1520  oled.o(.constdata)
    x$fpl$usenofp                            0x08003386   Section        0  usenofp.o(x$fpl$usenofp)
    .data                                    0x20000000   Section       20  stm32f10x_rcc.o(.data)
    APBAHBPrescTable                         0x20000000   Data          16  stm32f10x_rcc.o(.data)
    ADCPrescTable                            0x20000010   Data           4  stm32f10x_rcc.o(.data)
    .data                                    0x20000014   Section        4  lunzi.o(.data)
    .data                                    0x20000018   Section       11  serial.o(.data)
    RxState                                  0x20000021   Data           1  serial.o(.data)
    pRxPacket                                0x20000022   Data           1  serial.o(.data)
    .data                                    0x20000024   Section      148  pid.o(.data)
    .data                                    0x200000b8   Section       28  sensor.o(.data)
    .data                                    0x200000d4   Section       50  main.o(.data)
    count                                    0x20000104   Data           2  main.o(.data)
    .bss                                     0x20000108   Section       24  sensor.o(.bss)
    .bss                                     0x20000120   Section       96  libspace.o(.bss)
    HEAP                                     0x20000180   Section      512  startup_stm32f10x_md.o(HEAP)
    Heap_Mem                                 0x20000180   Data         512  startup_stm32f10x_md.o(HEAP)
    STACK                                    0x20000380   Section     1024  startup_stm32f10x_md.o(STACK)
    Stack_Mem                                0x20000380   Data        1024  startup_stm32f10x_md.o(STACK)
    __initial_sp                             0x20000780   Data           0  startup_stm32f10x_md.o(STACK)

    Global Symbols

    Symbol Name                              Value     Ov Type        Size  Object(Section)

    BuildAttributes$$THM_ISAv4$P$D$K$B$S$PE$A:L22UL41UL21$X:L11$S22US41US21$IEEE1$IW$USESV6$~STKCKD$USESV7$~SHL$OTIME$ROPI$IEEEJ$EBA8$UX$STANDARDLIB$REQ8$PRES8$EABIv2 0x00000000   Number         0  anon$$obj.o ABSOLUTE
    __ARM_use_no_argv                        0x00000000   Number         0  main.o ABSOLUTE
    _printf_flags                            0x00000000   Number         0  printf_stubs.o ABSOLUTE
    _printf_return_value                     0x00000000   Number         0  printf_stubs.o ABSOLUTE
    _printf_sizespec                         0x00000000   Number         0  printf_stubs.o ABSOLUTE
    _printf_widthprec                        0x00000000   Number         0  printf_stubs.o ABSOLUTE
    __ARM_exceptions_init                     - Undefined Weak Reference
    __alloca_initialize                       - Undefined Weak Reference
    __arm_preinit_                            - Undefined Weak Reference
    __cpp_initialize__aeabi_                  - Undefined Weak Reference
    __cxa_finalize                            - Undefined Weak Reference
    __sigvec_lookup                           - Undefined Weak Reference
    _atexit_init                              - Undefined Weak Reference
    _call_atexit_fns                          - Undefined Weak Reference
    _clock_init                               - Undefined Weak Reference
    _fp_trap_init                             - Undefined Weak Reference
    _fp_trap_shutdown                         - Undefined Weak Reference
    _get_lc_collate                           - Undefined Weak Reference
    _get_lc_monetary                          - Undefined Weak Reference
    _get_lc_time                              - Undefined Weak Reference
    _getenv_init                              - Undefined Weak Reference
    _handle_redirection                       - Undefined Weak Reference
    _init_alloc                               - Undefined Weak Reference
    _init_user_alloc                          - Undefined Weak Reference
    _initio                                   - Undefined Weak Reference
    _printf_mbtowc                            - Undefined Weak Reference
    _printf_wc                                - Undefined Weak Reference
    _rand_init                                - Undefined Weak Reference
    _signal_finish                            - Undefined Weak Reference
    _signal_init                              - Undefined Weak Reference
    _terminate_alloc                          - Undefined Weak Reference
    _terminate_user_alloc                     - Undefined Weak Reference
    _terminateio                              - Undefined Weak Reference
    __Vectors_Size                           0x000000ec   Number         0  startup_stm32f10x_md.o ABSOLUTE
    __Vectors                                0x08000000   Data           4  startup_stm32f10x_md.o(RESET)
    __Vectors_End                            0x080000ec   Data           0  startup_stm32f10x_md.o(RESET)
    __main                                   0x080000ed   Thumb Code     8  __main.o(!!!main)
    __scatterload                            0x080000f5   Thumb Code     0  __scatter.o(!!!scatter)
    __scatterload_rt2                        0x080000f5   Thumb Code    44  __scatter.o(!!!scatter)
    __scatterload_rt2_thumb_only             0x080000f5   Thumb Code     0  __scatter.o(!!!scatter)
    __scatterload_null                       0x08000103   Thumb Code     0  __scatter.o(!!!scatter)
    __scatterload_copy                       0x08000129   Thumb Code    26  __scatter_copy.o(!!handler_copy)
    __scatterload_zeroinit                   0x08000145   Thumb Code    28  __scatter_zi.o(!!handler_zi)
    __rt_lib_init                            0x08000161   Thumb Code     0  libinit.o(.ARM.Collect$$libinit$$00000000)
    __rt_lib_init_alloca_1                   0x08000163   Thumb Code     0  libinit2.o(.ARM.Collect$$libinit$$0000002E)
    __rt_lib_init_argv_1                     0x08000163   Thumb Code     0  libinit2.o(.ARM.Collect$$libinit$$0000002C)
    __rt_lib_init_atexit_1                   0x08000163   Thumb Code     0  libinit2.o(.ARM.Collect$$libinit$$0000001B)
    __rt_lib_init_clock_1                    0x08000163   Thumb Code     0  libinit2.o(.ARM.Collect$$libinit$$00000021)
    __rt_lib_init_cpp_1                      0x08000163   Thumb Code     0  libinit2.o(.ARM.Collect$$libinit$$00000032)
    __rt_lib_init_exceptions_1               0x08000163   Thumb Code     0  libinit2.o(.ARM.Collect$$libinit$$00000030)
    __rt_lib_init_fp_1                       0x08000163   Thumb Code     0  libinit2.o(.ARM.Collect$$libinit$$00000002)
    __rt_lib_init_fp_trap_1                  0x08000163   Thumb Code     0  libinit2.o(.ARM.Collect$$libinit$$0000001F)
    __rt_lib_init_getenv_1                   0x08000163   Thumb Code     0  libinit2.o(.ARM.Collect$$libinit$$00000023)
    __rt_lib_init_heap_1                     0x08000163   Thumb Code     0  libinit2.o(.ARM.Collect$$libinit$$0000000A)
    __rt_lib_init_lc_collate_1               0x08000163   Thumb Code     0  libinit2.o(.ARM.Collect$$libinit$$00000011)
    __rt_lib_init_lc_ctype_1                 0x08000163   Thumb Code     0  libinit2.o(.ARM.Collect$$libinit$$00000013)
    __rt_lib_init_lc_monetary_1              0x08000163   Thumb Code     0  libinit2.o(.ARM.Collect$$libinit$$00000015)
    __rt_lib_init_lc_numeric_1               0x08000163   Thumb Code     0  libinit2.o(.ARM.Collect$$libinit$$00000017)
    __rt_lib_init_lc_time_1                  0x08000163   Thumb Code     0  libinit2.o(.ARM.Collect$$libinit$$00000019)
    __rt_lib_init_preinit_1                  0x08000163   Thumb Code     0  libinit2.o(.ARM.Collect$$libinit$$00000004)
    __rt_lib_init_rand_1                     0x08000163   Thumb Code     0  libinit2.o(.ARM.Collect$$libinit$$0000000E)
    __rt_lib_init_return                     0x08000163   Thumb Code     0  libinit2.o(.ARM.Collect$$libinit$$00000033)
    __rt_lib_init_signal_1                   0x08000163   Thumb Code     0  libinit2.o(.ARM.Collect$$libinit$$0000001D)
    __rt_lib_init_stdio_1                    0x08000163   Thumb Code     0  libinit2.o(.ARM.Collect$$libinit$$00000025)
    __rt_lib_init_user_alloc_1               0x08000163   Thumb Code     0  libinit2.o(.ARM.Collect$$libinit$$0000000C)
    __rt_lib_shutdown                        0x08000165   Thumb Code     0  libshutdown.o(.ARM.Collect$$libshutdown$$00000000)
    __rt_lib_shutdown_cpp_1                  0x08000167   Thumb Code     0  libshutdown2.o(.ARM.Collect$$libshutdown$$00000002)
    __rt_lib_shutdown_fp_trap_1              0x08000167   Thumb Code     0  libshutdown2.o(.ARM.Collect$$libshutdown$$00000007)
    __rt_lib_shutdown_heap_1                 0x08000167   Thumb Code     0  libshutdown2.o(.ARM.Collect$$libshutdown$$0000000F)
    __rt_lib_shutdown_return                 0x08000167   Thumb Code     0  libshutdown2.o(.ARM.Collect$$libshutdown$$00000010)
    __rt_lib_shutdown_signal_1               0x08000167   Thumb Code     0  libshutdown2.o(.ARM.Collect$$libshutdown$$0000000A)
    __rt_lib_shutdown_stdio_1                0x08000167   Thumb Code     0  libshutdown2.o(.ARM.Collect$$libshutdown$$00000004)
    __rt_lib_shutdown_user_alloc_1           0x08000167   Thumb Code     0  libshutdown2.o(.ARM.Collect$$libshutdown$$0000000C)
    __rt_entry                               0x08000169   Thumb Code     0  __rtentry.o(.ARM.Collect$$rtentry$$00000000)
    __rt_entry_presh_1                       0x08000169   Thumb Code     0  __rtentry2.o(.ARM.Collect$$rtentry$$00000002)
    __rt_entry_sh                            0x08000169   Thumb Code     0  __rtentry4.o(.ARM.Collect$$rtentry$$00000004)
    __rt_entry_li                            0x0800016f   Thumb Code     0  __rtentry2.o(.ARM.Collect$$rtentry$$0000000A)
    __rt_entry_postsh_1                      0x0800016f   Thumb Code     0  __rtentry2.o(.ARM.Collect$$rtentry$$00000009)
    __rt_entry_main                          0x08000173   Thumb Code     0  __rtentry2.o(.ARM.Collect$$rtentry$$0000000D)
    __rt_entry_postli_1                      0x08000173   Thumb Code     0  __rtentry2.o(.ARM.Collect$$rtentry$$0000000C)
    __rt_exit                                0x0800017b   Thumb Code     0  rtexit.o(.ARM.Collect$$rtexit$$00000000)
    __rt_exit_ls                             0x0800017d   Thumb Code     0  rtexit2.o(.ARM.Collect$$rtexit$$00000003)
    __rt_exit_prels_1                        0x0800017d   Thumb Code     0  rtexit2.o(.ARM.Collect$$rtexit$$00000002)
    __rt_exit_exit                           0x08000181   Thumb Code     0  rtexit2.o(.ARM.Collect$$rtexit$$00000004)
    Reset_Handler                            0x08000189   Thumb Code     8  startup_stm32f10x_md.o(.text)
    ADC1_2_IRQHandler                        0x080001a3   Thumb Code     0  startup_stm32f10x_md.o(.text)
    CAN1_RX1_IRQHandler                      0x080001a3   Thumb Code     0  startup_stm32f10x_md.o(.text)
    CAN1_SCE_IRQHandler                      0x080001a3   Thumb Code     0  startup_stm32f10x_md.o(.text)
    DMA1_Channel1_IRQHandler                 0x080001a3   Thumb Code     0  startup_stm32f10x_md.o(.text)
    DMA1_Channel2_IRQHandler                 0x080001a3   Thumb Code     0  startup_stm32f10x_md.o(.text)
    DMA1_Channel3_IRQHandler                 0x080001a3   Thumb Code     0  startup_stm32f10x_md.o(.text)
    DMA1_Channel4_IRQHandler                 0x080001a3   Thumb Code     0  startup_stm32f10x_md.o(.text)
    DMA1_Channel5_IRQHandler                 0x080001a3   Thumb Code     0  startup_stm32f10x_md.o(.text)
    DMA1_Channel6_IRQHandler                 0x080001a3   Thumb Code     0  startup_stm32f10x_md.o(.text)
    DMA1_Channel7_IRQHandler                 0x080001a3   Thumb Code     0  startup_stm32f10x_md.o(.text)
    EXTI0_IRQHandler                         0x080001a3   Thumb Code     0  startup_stm32f10x_md.o(.text)
    EXTI15_10_IRQHandler                     0x080001a3   Thumb Code     0  startup_stm32f10x_md.o(.text)
    EXTI1_IRQHandler                         0x080001a3   Thumb Code     0  startup_stm32f10x_md.o(.text)
    EXTI2_IRQHandler                         0x080001a3   Thumb Code     0  startup_stm32f10x_md.o(.text)
    EXTI3_IRQHandler                         0x080001a3   Thumb Code     0  startup_stm32f10x_md.o(.text)
    EXTI4_IRQHandler                         0x080001a3   Thumb Code     0  startup_stm32f10x_md.o(.text)
    EXTI9_5_IRQHandler                       0x080001a3   Thumb Code     0  startup_stm32f10x_md.o(.text)
    FLASH_IRQHandler                         0x080001a3   Thumb Code     0  startup_stm32f10x_md.o(.text)
    I2C1_ER_IRQHandler                       0x080001a3   Thumb Code     0  startup_stm32f10x_md.o(.text)
    I2C1_EV_IRQHandler                       0x080001a3   Thumb Code     0  startup_stm32f10x_md.o(.text)
    I2C2_ER_IRQHandler                       0x080001a3   Thumb Code     0  startup_stm32f10x_md.o(.text)
    I2C2_EV_IRQHandler                       0x080001a3   Thumb Code     0  startup_stm32f10x_md.o(.text)
    PVD_IRQHandler                           0x080001a3   Thumb Code     0  startup_stm32f10x_md.o(.text)
    RCC_IRQHandler                           0x080001a3   Thumb Code     0  startup_stm32f10x_md.o(.text)
    RTCAlarm_IRQHandler                      0x080001a3   Thumb Code     0  startup_stm32f10x_md.o(.text)
    RTC_IRQHandler                           0x080001a3   Thumb Code     0  startup_stm32f10x_md.o(.text)
    SPI1_IRQHandler                          0x080001a3   Thumb Code     0  startup_stm32f10x_md.o(.text)
    SPI2_IRQHandler                          0x080001a3   Thumb Code     0  startup_stm32f10x_md.o(.text)
    TAMPER_IRQHandler                        0x080001a3   Thumb Code     0  startup_stm32f10x_md.o(.text)
    TIM1_BRK_IRQHandler                      0x080001a3   Thumb Code     0  startup_stm32f10x_md.o(.text)
    TIM1_CC_IRQHandler                       0x080001a3   Thumb Code     0  startup_stm32f10x_md.o(.text)
    TIM1_TRG_COM_IRQHandler                  0x080001a3   Thumb Code     0  startup_stm32f10x_md.o(.text)
    TIM1_UP_IRQHandler                       0x080001a3   Thumb Code     0  startup_stm32f10x_md.o(.text)
    TIM2_IRQHandler                          0x080001a3   Thumb Code     0  startup_stm32f10x_md.o(.text)
    TIM3_IRQHandler                          0x080001a3   Thumb Code     0  startup_stm32f10x_md.o(.text)
    USART1_IRQHandler                        0x080001a3   Thumb Code     0  startup_stm32f10x_md.o(.text)
    USART2_IRQHandler                        0x080001a3   Thumb Code     0  startup_stm32f10x_md.o(.text)
    USBWakeUp_IRQHandler                     0x080001a3   Thumb Code     0  startup_stm32f10x_md.o(.text)
    USB_HP_CAN1_TX_IRQHandler                0x080001a3   Thumb Code     0  startup_stm32f10x_md.o(.text)
    USB_LP_CAN1_RX0_IRQHandler               0x080001a3   Thumb Code     0  startup_stm32f10x_md.o(.text)
    WWDG_IRQHandler                          0x080001a3   Thumb Code     0  startup_stm32f10x_md.o(.text)
    __user_initial_stackheap                 0x080001a5   Thumb Code     0  startup_stm32f10x_md.o(.text)
    __use_two_region_memory                  0x080001c9   Thumb Code     2  heapauxi.o(.text)
    __rt_heap_escrow$2region                 0x080001cb   Thumb Code     2  heapauxi.o(.text)
    __rt_heap_expand$2region                 0x080001cd   Thumb Code     2  heapauxi.o(.text)
    __user_setup_stackheap                   0x080001cf   Thumb Code    74  sys_stackheap_outer.o(.text)
    exit                                     0x08000219   Thumb Code    18  exit.o(.text)
    __user_libspace                          0x0800022d   Thumb Code     8  libspace.o(.text)
    __user_perproc_libspace                  0x0800022d   Thumb Code     0  libspace.o(.text)
    __user_perthread_libspace                0x0800022d   Thumb Code     0  libspace.o(.text)
    _sys_exit                                0x08000235   Thumb Code     8  sys_exit.o(.text)
    __I$use$semihosting                      0x08000241   Thumb Code     0  use_no_semi.o(.text)
    __use_no_semihosting_swi                 0x08000241   Thumb Code     2  use_no_semi.o(.text)
    BusFault_Handler                         0x08000243   Thumb Code     4  stm32f10x_it.o(i.BusFault_Handler)
    __semihosting_library_function           0x08000243   Thumb Code     0  indicate_semi.o(.text)
    DebugMon_Handler                         0x08000247   Thumb Code     2  stm32f10x_it.o(i.DebugMon_Handler)
    Delay_ms                                 0x08000249   Thumb Code    24  delay.o(i.Delay_ms)
    Delay_s                                  0x08000261   Thumb Code    24  delay.o(i.Delay_s)
    Delay_us                                 0x08000279   Thumb Code    46  delay.o(i.Delay_us)
    Encoder_Get                              0x080002a9   Thumb Code    22  encoder.o(i.Encoder_Get)
    Encoder_Get2                             0x080002c5   Thumb Code    22  encoder.o(i.Encoder_Get2)
    Encoder_Init                             0x080002e1   Thumb Code   154  encoder.o(i.Encoder_Init)
    Encoder_Init2                            0x08000385   Thumb Code   152  encoder.o(i.Encoder_Init2)
    GPIO_Init                                0x08000425   Thumb Code   278  stm32f10x_gpio.o(i.GPIO_Init)
    GPIO_ReadInputDataBit                    0x0800053b   Thumb Code    18  stm32f10x_gpio.o(i.GPIO_ReadInputDataBit)
    GPIO_ResetBits                           0x0800054d   Thumb Code     4  stm32f10x_gpio.o(i.GPIO_ResetBits)
    GPIO_SetBits                             0x08000551   Thumb Code     4  stm32f10x_gpio.o(i.GPIO_SetBits)
    GPIO_WriteBit                            0x08000555   Thumb Code    10  stm32f10x_gpio.o(i.GPIO_WriteBit)
    HardFault_Handler                        0x0800055f   Thumb Code     4  stm32f10x_it.o(i.HardFault_Handler)
    I2C_AcknowledgeConfig                    0x08000563   Thumb Code    24  stm32f10x_i2c.o(i.I2C_AcknowledgeConfig)
    I2C_CheckEvent                           0x0800057b   Thumb Code    42  stm32f10x_i2c.o(i.I2C_CheckEvent)
    I2C_Cmd                                  0x080005a5   Thumb Code    24  stm32f10x_i2c.o(i.I2C_Cmd)
    I2C_GenerateSTART                        0x080005bd   Thumb Code    24  stm32f10x_i2c.o(i.I2C_GenerateSTART)
    I2C_GenerateSTOP                         0x080005d5   Thumb Code    24  stm32f10x_i2c.o(i.I2C_GenerateSTOP)
    I2C_Init                                 0x080005ed   Thumb Code   222  stm32f10x_i2c.o(i.I2C_Init)
    I2C_ReceiveData                          0x080006d9   Thumb Code     8  stm32f10x_i2c.o(i.I2C_ReceiveData)
    I2C_Send7bitAddress                      0x080006e1   Thumb Code    18  stm32f10x_i2c.o(i.I2C_Send7bitAddress)
    I2C_SendData                             0x080006f3   Thumb Code     4  stm32f10x_i2c.o(i.I2C_SendData)
    MPU6050_GetData                          0x080006f7   Thumb Code   172  mpu6050.o(i.MPU6050_GetData)
    MPU6050_Init                             0x080007a5   Thumb Code   154  mpu6050.o(i.MPU6050_Init)
    MPU6050_ReadReg                          0x08000849   Thumb Code   138  mpu6050.o(i.MPU6050_ReadReg)
    MPU6050_WaitEvent                        0x080008e1   Thumb Code    34  mpu6050.o(i.MPU6050_WaitEvent)
    MPU6050_WriteReg                         0x08000905   Thumb Code    86  mpu6050.o(i.MPU6050_WriteReg)
    MemManage_Handler                        0x08000969   Thumb Code     4  stm32f10x_it.o(i.MemManage_Handler)
    NMI_Handler                              0x0800096d   Thumb Code     2  stm32f10x_it.o(i.NMI_Handler)
    NVIC_Init                                0x08000971   Thumb Code   100  misc.o(i.NVIC_Init)
    NVIC_PriorityGroupConfig                 0x080009e1   Thumb Code    10  misc.o(i.NVIC_PriorityGroupConfig)
    OLED_Clear                               0x080009f5   Thumb Code    42  oled.o(i.OLED_Clear)
    OLED_I2C_Init                            0x08000a21   Thumb Code    72  oled.o(i.OLED_I2C_Init)
    OLED_I2C_SendByte                        0x08000a6d   Thumb Code    74  oled.o(i.OLED_I2C_SendByte)
    OLED_I2C_Start                           0x08000abd   Thumb Code    44  oled.o(i.OLED_I2C_Start)
    OLED_I2C_Stop                            0x08000aed   Thumb Code    34  oled.o(i.OLED_I2C_Stop)
    OLED_Init                                0x08000b15   Thumb Code   174  oled.o(i.OLED_Init)
    OLED_Pow                                 0x08000bc3   Thumb Code    20  oled.o(i.OLED_Pow)
    OLED_SetCursor                           0x08000bd7   Thumb Code    34  oled.o(i.OLED_SetCursor)
    OLED_ShowChar                            0x08000bf9   Thumb Code   110  oled.o(i.OLED_ShowChar)
    OLED_ShowHexNum                          0x08000c6d   Thumb Code    84  oled.o(i.OLED_ShowHexNum)
    OLED_ShowString                          0x08000cc1   Thumb Code    40  oled.o(i.OLED_ShowString)
    OLED_WriteCommand                        0x08000ce9   Thumb Code    32  oled.o(i.OLED_WriteCommand)
    OLED_WriteData                           0x08000d09   Thumb Code    32  oled.o(i.OLED_WriteData)
    PendSV_Handler                           0x08000d29   Thumb Code     2  stm32f10x_it.o(i.PendSV_Handler)
    RCC_APB1PeriphClockCmd                   0x08000d2d   Thumb Code    26  stm32f10x_rcc.o(i.RCC_APB1PeriphClockCmd)
    RCC_APB2PeriphClockCmd                   0x08000d4d   Thumb Code    26  stm32f10x_rcc.o(i.RCC_APB2PeriphClockCmd)
    RCC_GetClocksFreq                        0x08000d6d   Thumb Code   192  stm32f10x_rcc.o(i.RCC_GetClocksFreq)
    SVC_Handler                              0x08000e41   Thumb Code     2  stm32f10x_it.o(i.SVC_Handler)
    Sensor_init                              0x08000e45   Thumb Code    80  sensor.o(i.Sensor_init)
    Serial_Init                              0x08000e9d   Thumb Code   174  serial.o(i.Serial_Init)
    Set_speed                                0x0800103d   Thumb Code    72  pid.o(i.Set_speed)
    Su_fortrack                              0x080010a1   Thumb Code   196  pid.o(i.Su_fortrack)
    Su_forturn                               0x0800117d   Thumb Code    68  pid.o(i.Su_forturn)
    SysTick_Handler                          0x080011d5   Thumb Code     2  stm32f10x_it.o(i.SysTick_Handler)
    SystemInit                               0x080011d9   Thumb Code    78  system_stm32f10x.o(i.SystemInit)
    TIM2_PWM_Init                            0x08001479   Thumb Code   204  pwm.o(i.TIM2_PWM_Init)
    TIM3_Init_Init                           0x08001549   Thumb Code    90  pwm.o(i.TIM3_Init_Init)
    TIM4_IRQHandler                          0x080015a9   Thumb Code   408  main.o(i.TIM4_IRQHandler)
    TIM_ARRPreloadConfig                     0x080017a5   Thumb Code    24  stm32f10x_tim.o(i.TIM_ARRPreloadConfig)
    TIM_Cmd                                  0x080017bd   Thumb Code    24  stm32f10x_tim.o(i.TIM_Cmd)
    TIM_EncoderInterfaceConfig               0x080017d5   Thumb Code    66  stm32f10x_tim.o(i.TIM_EncoderInterfaceConfig)
    TIM_GetCounter                           0x08001817   Thumb Code     6  stm32f10x_tim.o(i.TIM_GetCounter)
    TIM_ICInit                               0x0800181d   Thumb Code   150  stm32f10x_tim.o(i.TIM_ICInit)
    TIM_ICStructInit                         0x080018c9   Thumb Code    18  stm32f10x_tim.o(i.TIM_ICStructInit)
    TIM_ITConfig                             0x080018db   Thumb Code    18  stm32f10x_tim.o(i.TIM_ITConfig)
    TIM_OC3Init                              0x080018ed   Thumb Code   150  stm32f10x_tim.o(i.TIM_OC3Init)
    TIM_OC3PreloadConfig                     0x0800198d   Thumb Code    18  stm32f10x_tim.o(i.TIM_OC3PreloadConfig)
    TIM_OC4Init                              0x080019a1   Thumb Code   114  stm32f10x_tim.o(i.TIM_OC4Init)
    TIM_OC4PreloadConfig                     0x08001a1d   Thumb Code    26  stm32f10x_tim.o(i.TIM_OC4PreloadConfig)
    TIM_SetCompare3                          0x08001a37   Thumb Code     4  stm32f10x_tim.o(i.TIM_SetCompare3)
    TIM_SetCompare4                          0x08001a3b   Thumb Code     6  stm32f10x_tim.o(i.TIM_SetCompare4)
    TIM_SetCounter                           0x08001a41   Thumb Code     4  stm32f10x_tim.o(i.TIM_SetCounter)
    TIM_SetIC1Prescaler                      0x08001a45   Thumb Code    18  stm32f10x_tim.o(i.TIM_SetIC1Prescaler)
    TIM_SetIC2Prescaler                      0x08001a57   Thumb Code    26  stm32f10x_tim.o(i.TIM_SetIC2Prescaler)
    TIM_SetIC3Prescaler                      0x08001a71   Thumb Code    18  stm32f10x_tim.o(i.TIM_SetIC3Prescaler)
    TIM_SetIC4Prescaler                      0x08001a83   Thumb Code    26  stm32f10x_tim.o(i.TIM_SetIC4Prescaler)
    TIM_TimeBaseInit                         0x08001a9d   Thumb Code   122  stm32f10x_tim.o(i.TIM_TimeBaseInit)
    USART3_IRQHandler                        0x08001b41   Thumb Code   128  serial.o(i.USART3_IRQHandler)
    USART_ClearITPendingBit                  0x08001bd5   Thumb Code    30  stm32f10x_usart.o(i.USART_ClearITPendingBit)
    USART_Cmd                                0x08001bf3   Thumb Code    24  stm32f10x_usart.o(i.USART_Cmd)
    USART_GetITStatus                        0x08001c0b   Thumb Code    84  stm32f10x_usart.o(i.USART_GetITStatus)
    USART_ITConfig                           0x08001c5f   Thumb Code    74  stm32f10x_usart.o(i.USART_ITConfig)
    USART_Init                               0x08001ca9   Thumb Code   210  stm32f10x_usart.o(i.USART_Init)
    USART_ReceiveData                        0x08001d81   Thumb Code    10  stm32f10x_usart.o(i.USART_ReceiveData)
    UsageFault_Handler                       0x08001d8b   Thumb Code     4  stm32f10x_it.o(i.UsageFault_Handler)
    Xianfu                                   0x08001d91   Thumb Code    76  pid.o(i.Xianfu)
    aybs                                     0x08001de9   Thumb Code    16  pid.o(i.aybs)
    bluetooth_init                           0x08001df9   Thumb Code    40  bluetooth.o(i.bluetooth_init)
    buzzer_init                              0x08001e25   Thumb Code    38  buzzer.o(i.buzzer_init)
    buzzer_on                                0x08001e51   Thumb Code    32  buzzer.o(i.buzzer_on)
    forward                                  0x08001e75   Thumb Code    40  lunzi.o(i.forward)
    lunzi_Init                               0x08001ea5   Thumb Code    72  lunzi.o(i.lunzi_Init)
    main                                     0x08001ef5   Thumb Code   198  main.o(i.main)
    pid1                                     0x08001fcd   Thumb Code   184  pid.o(i.pid1)
    pid2                                     0x080020a5   Thumb Code   184  pid.o(i.pid2)
    read_sensor                              0x0800217d   Thumb Code   822  sensor.o(i.read_sensor)
    stop                                     0x080024e1   Thumb Code    40  lunzi.o(i.stop)
    turn_pid                                 0x08002511   Thumb Code   188  pid.o(i.turn_pid)
    __aeabi_d2f                              0x080025f5   Thumb Code     0  d2f.o(x$fpl$d2f)
    _d2f                                     0x080025f5   Thumb Code    98  d2f.o(x$fpl$d2f)
    __aeabi_dadd                             0x08002659   Thumb Code     0  daddsub_clz.o(x$fpl$dadd)
    _dadd                                    0x08002659   Thumb Code   332  daddsub_clz.o(x$fpl$dadd)
    __aeabi_ddiv                             0x080027a9   Thumb Code     0  ddiv.o(x$fpl$ddiv)
    _ddiv                                    0x080027a9   Thumb Code   552  ddiv.o(x$fpl$ddiv)
    __aeabi_i2d                              0x08002a59   Thumb Code     0  dflt_clz.o(x$fpl$dflt)
    _dflt                                    0x08002a59   Thumb Code    46  dflt_clz.o(x$fpl$dflt)
    __fpl_dnaninf                            0x08002a87   Thumb Code   156  dnaninf.o(x$fpl$dnaninf)
    __fpl_dretinf                            0x08002b23   Thumb Code    12  dretinf.o(x$fpl$dretinf)
    __aeabi_dsub                             0x08002b31   Thumb Code     0  daddsub_clz.o(x$fpl$dsub)
    _dsub                                    0x08002b31   Thumb Code   464  daddsub_clz.o(x$fpl$dsub)
    __aeabi_f2d                              0x08002d05   Thumb Code     0  f2d.o(x$fpl$f2d)
    _f2d                                     0x08002d05   Thumb Code    86  f2d.o(x$fpl$f2d)
    __aeabi_fadd                             0x08002d5d   Thumb Code     0  faddsub_clz.o(x$fpl$fadd)
    _fadd                                    0x08002d5d   Thumb Code   196  faddsub_clz.o(x$fpl$fadd)
    __fpl_fcmp_Inf                           0x08002e21   Thumb Code    24  fcmpi.o(x$fpl$fcmpinf)
    __aeabi_fdiv                             0x08002e39   Thumb Code     0  fdiv.o(x$fpl$fdiv)
    _fdiv                                    0x08002e39   Thumb Code   384  fdiv.o(x$fpl$fdiv)
    __aeabi_f2iz                             0x08002fbd   Thumb Code     0  ffix.o(x$fpl$ffix)
    _ffix                                    0x08002fbd   Thumb Code    54  ffix.o(x$fpl$ffix)
    __aeabi_i2f                              0x08002ff5   Thumb Code     0  fflt_clz.o(x$fpl$fflt)
    _fflt                                    0x08002ff5   Thumb Code    48  fflt_clz.o(x$fpl$fflt)
    __aeabi_cfcmple                          0x08003025   Thumb Code     0  fleqf.o(x$fpl$fleqf)
    _fcmple                                  0x08003025   Thumb Code   104  fleqf.o(x$fpl$fleqf)
    __fpl_fcmple_InfNaN                      0x08003077   Thumb Code     0  fleqf.o(x$fpl$fleqf)
    __aeabi_fmul                             0x0800308d   Thumb Code     0  fmul.o(x$fpl$fmul)
    _fmul                                    0x0800308d   Thumb Code   258  fmul.o(x$fpl$fmul)
    __fpl_fnaninf                            0x0800318f   Thumb Code   140  fnaninf.o(x$fpl$fnaninf)
    __fpl_fretinf                            0x0800321b   Thumb Code    10  fretinf.o(x$fpl$fretinf)
    __aeabi_cfrcmple                         0x08003225   Thumb Code     0  frleqf.o(x$fpl$frleqf)
    _frcmple                                 0x08003225   Thumb Code    98  frleqf.o(x$fpl$frleqf)
    __aeabi_frsub                            0x08003287   Thumb Code     0  faddsub_clz.o(x$fpl$frsb)
    _frsb                                    0x08003287   Thumb Code    20  faddsub_clz.o(x$fpl$frsb)
    __aeabi_fsub                             0x0800329d   Thumb Code     0  faddsub_clz.o(x$fpl$fsub)
    _fsub                                    0x0800329d   Thumb Code   234  faddsub_clz.o(x$fpl$fsub)
    OLED_F8x16                               0x08003386   Data        1520  oled.o(.constdata)
    __I$use$fp                               0x08003386   Number         0  usenofp.o(x$fpl$usenofp)
    Region$$Table$$Base                      0x08003978   Number         0  anon$$obj.o(Region$$Table)
    Region$$Table$$Limit                     0x08003998   Number         0  anon$$obj.o(Region$$Table)
    noread                                   0x20000014   Data           4  lunzi.o(.data)
    Serial_TxPacket                          0x20000018   Data           4  serial.o(.data)
    Serial_RxPacket                          0x2000001c   Data           4  serial.o(.data)
    Serial_RxFlag                            0x20000020   Data           1  serial.o(.data)
    Err1                                     0x20000024   Data           4  pid.o(.data)
    last_err1                                0x20000028   Data           4  pid.o(.data)
    next_err1                                0x2000002c   Data           4  pid.o(.data)
    pwm1                                     0x20000030   Data           4  pid.o(.data)
    add1                                     0x20000034   Data           4  pid.o(.data)
    p1                                       0x20000038   Data           4  pid.o(.data)
    i1                                       0x2000003c   Data           4  pid.o(.data)
    d1                                       0x20000040   Data           4  pid.o(.data)
    Err2                                     0x20000044   Data           4  pid.o(.data)
    last_err2                                0x20000048   Data           4  pid.o(.data)
    next_err2                                0x2000004c   Data           4  pid.o(.data)
    pwm2                                     0x20000050   Data           4  pid.o(.data)
    add2                                     0x20000054   Data           4  pid.o(.data)
    p2                                       0x20000058   Data           4  pid.o(.data)
    i2                                       0x2000005c   Data           4  pid.o(.data)
    d2                                       0x20000060   Data           4  pid.o(.data)
    Bias                                     0x20000064   Data           4  pid.o(.data)
    Pwm                                      0x20000068   Data           4  pid.o(.data)
    last_bias                                0x2000006c   Data           4  pid.o(.data)
    Intergral_bias                           0x20000070   Data           4  pid.o(.data)
    kp                                       0x20000074   Data           4  pid.o(.data)
    ki                                       0x20000078   Data           4  pid.o(.data)
    kd                                       0x2000007c   Data           4  pid.o(.data)
    Bias2                                    0x20000080   Data           4  pid.o(.data)
    Pwm2                                     0x20000084   Data           4  pid.o(.data)
    last_bias2                               0x20000088   Data           4  pid.o(.data)
    Intergral_bias2                          0x2000008c   Data           4  pid.o(.data)
    kp2                                      0x20000090   Data           4  pid.o(.data)
    ki2                                      0x20000094   Data           4  pid.o(.data)
    kd2                                      0x20000098   Data           4  pid.o(.data)
    OUTPUT1                                  0x2000009c   Data           4  pid.o(.data)
    OUTPUT2                                  0x200000a0   Data           4  pid.o(.data)
    Speed                                    0x200000a4   Data          20  pid.o(.data)
    bias                                     0x200000b8   Data           4  sensor.o(.data)
    target                                   0x200000bc   Data           4  sensor.o(.data)
    stopconfig                               0x200000c0   Data           4  sensor.o(.data)
    is_turnleft                              0x200000c4   Data           4  sensor.o(.data)
    is_turnright                             0x200000c8   Data           4  sensor.o(.data)
    is_turnround                             0x200000cc   Data           4  sensor.o(.data)
    sznum                                    0x200000d0   Data           4  sensor.o(.data)
    lSpeed                                   0x200000d4   Data           2  main.o(.data)
    rSpeed                                   0x200000d6   Data           2  main.o(.data)
    distance                                 0x200000d8   Data           4  main.o(.data)
    tar_dis                                  0x200000dc   Data           4  main.o(.data)
    RxData                                   0x200000e0   Data           1  main.o(.data)
    PWM1                                     0x200000e4   Data           4  main.o(.data)
    PWM2                                     0x200000e8   Data           4  main.o(.data)
    AX                                       0x200000ec   Data           2  main.o(.data)
    AY                                       0x200000ee   Data           2  main.o(.data)
    AZ                                       0x200000f0   Data           2  main.o(.data)
    GX                                       0x200000f2   Data           2  main.o(.data)
    GY                                       0x200000f4   Data           2  main.o(.data)
    GZ                                       0x200000f6   Data           2  main.o(.data)
    tagf                                     0x200000f8   Data           4  main.o(.data)
    tagr                                     0x200000fc   Data           4  main.o(.data)
    yaw                                      0x20000100   Data           4  main.o(.data)
    sensor                                   0x20000108   Data          24  sensor.o(.bss)
    __libspace_start                         0x20000120   Data          96  libspace.o(.bss)
    __temporary_stack_top$libspace           0x20000180   Data           0  libspace.o(.bss)



==============================================================================

Memory Map of the image

  Image Entry point : 0x080000ed

  Load Region LR_IROM1 (Base: 0x08000000, Size: 0x00003aa0, Max: 0x00080000, ABSOLUTE)

    Execution Region ER_IROM1 (Exec base: 0x08000000, Load base: 0x08000000, Size: 0x00003998, Max: 0x00080000, ABSOLUTE)

    Exec Addr    Load Addr    Size         Type   Attr      Idx    E Section Name        Object

    0x08000000   0x08000000   0x000000ec   Data   RO            3    RESET               startup_stm32f10x_md.o
    0x080000ec   0x080000ec   0x00000008   Code   RO         3911  * !!!main             c_w.l(__main.o)
    0x080000f4   0x080000f4   0x00000034   Code   RO         4288    !!!scatter          c_w.l(__scatter.o)
    0x08000128   0x08000128   0x0000001a   Code   RO         4290    !!handler_copy      c_w.l(__scatter_copy.o)
    0x08000142   0x08000142   0x00000002   PAD
    0x08000144   0x08000144   0x0000001c   Code   RO         4292    !!handler_zi        c_w.l(__scatter_zi.o)
    0x08000160   0x08000160   0x00000002   Code   RO         4149    .ARM.Collect$$libinit$$00000000  c_w.l(libinit.o)
    0x08000162   0x08000162   0x00000000   Code   RO         4165    .ARM.Collect$$libinit$$00000002  c_w.l(libinit2.o)
    0x08000162   0x08000162   0x00000000   Code   RO         4167    .ARM.Collect$$libinit$$00000004  c_w.l(libinit2.o)
    0x08000162   0x08000162   0x00000000   Code   RO         4170    .ARM.Collect$$libinit$$0000000A  c_w.l(libinit2.o)
    0x08000162   0x08000162   0x00000000   Code   RO         4172    .ARM.Collect$$libinit$$0000000C  c_w.l(libinit2.o)
    0x08000162   0x08000162   0x00000000   Code   RO         4174    .ARM.Collect$$libinit$$0000000E  c_w.l(libinit2.o)
    0x08000162   0x08000162   0x00000000   Code   RO         4177    .ARM.Collect$$libinit$$00000011  c_w.l(libinit2.o)
    0x08000162   0x08000162   0x00000000   Code   RO         4179    .ARM.Collect$$libinit$$00000013  c_w.l(libinit2.o)
    0x08000162   0x08000162   0x00000000   Code   RO         4181    .ARM.Collect$$libinit$$00000015  c_w.l(libinit2.o)
    0x08000162   0x08000162   0x00000000   Code   RO         4183    .ARM.Collect$$libinit$$00000017  c_w.l(libinit2.o)
    0x08000162   0x08000162   0x00000000   Code   RO         4185    .ARM.Collect$$libinit$$00000019  c_w.l(libinit2.o)
    0x08000162   0x08000162   0x00000000   Code   RO         4187    .ARM.Collect$$libinit$$0000001B  c_w.l(libinit2.o)
    0x08000162   0x08000162   0x00000000   Code   RO         4189    .ARM.Collect$$libinit$$0000001D  c_w.l(libinit2.o)
    0x08000162   0x08000162   0x00000000   Code   RO         4191    .ARM.Collect$$libinit$$0000001F  c_w.l(libinit2.o)
    0x08000162   0x08000162   0x00000000   Code   RO         4193    .ARM.Collect$$libinit$$00000021  c_w.l(libinit2.o)
    0x08000162   0x08000162   0x00000000   Code   RO         4195    .ARM.Collect$$libinit$$00000023  c_w.l(libinit2.o)
    0x08000162   0x08000162   0x00000000   Code   RO         4197    .ARM.Collect$$libinit$$00000025  c_w.l(libinit2.o)
    0x08000162   0x08000162   0x00000000   Code   RO         4201    .ARM.Collect$$libinit$$0000002C  c_w.l(libinit2.o)
    0x08000162   0x08000162   0x00000000   Code   RO         4203    .ARM.Collect$$libinit$$0000002E  c_w.l(libinit2.o)
    0x08000162   0x08000162   0x00000000   Code   RO         4205    .ARM.Collect$$libinit$$00000030  c_w.l(libinit2.o)
    0x08000162   0x08000162   0x00000000   Code   RO         4207    .ARM.Collect$$libinit$$00000032  c_w.l(libinit2.o)
    0x08000162   0x08000162   0x00000002   Code   RO         4208    .ARM.Collect$$libinit$$00000033  c_w.l(libinit2.o)
    0x08000164   0x08000164   0x00000002   Code   RO         4228    .ARM.Collect$$libshutdown$$00000000  c_w.l(libshutdown.o)
    0x08000166   0x08000166   0x00000000   Code   RO         4241    .ARM.Collect$$libshutdown$$00000002  c_w.l(libshutdown2.o)
    0x08000166   0x08000166   0x00000000   Code   RO         4243    .ARM.Collect$$libshutdown$$00000004  c_w.l(libshutdown2.o)
    0x08000166   0x08000166   0x00000000   Code   RO         4246    .ARM.Collect$$libshutdown$$00000007  c_w.l(libshutdown2.o)
    0x08000166   0x08000166   0x00000000   Code   RO         4249    .ARM.Collect$$libshutdown$$0000000A  c_w.l(libshutdown2.o)
    0x08000166   0x08000166   0x00000000   Code   RO         4251    .ARM.Collect$$libshutdown$$0000000C  c_w.l(libshutdown2.o)
    0x08000166   0x08000166   0x00000000   Code   RO         4254    .ARM.Collect$$libshutdown$$0000000F  c_w.l(libshutdown2.o)
    0x08000166   0x08000166   0x00000002   Code   RO         4255    .ARM.Collect$$libshutdown$$00000010  c_w.l(libshutdown2.o)
    0x08000168   0x08000168   0x00000000   Code   RO         3959    .ARM.Collect$$rtentry$$00000000  c_w.l(__rtentry.o)
    0x08000168   0x08000168   0x00000000   Code   RO         4071    .ARM.Collect$$rtentry$$00000002  c_w.l(__rtentry2.o)
    0x08000168   0x08000168   0x00000006   Code   RO         4083    .ARM.Collect$$rtentry$$00000004  c_w.l(__rtentry4.o)
    0x0800016e   0x0800016e   0x00000000   Code   RO         4073    .ARM.Collect$$rtentry$$00000009  c_w.l(__rtentry2.o)
    0x0800016e   0x0800016e   0x00000004   Code   RO         4074    .ARM.Collect$$rtentry$$0000000A  c_w.l(__rtentry2.o)
    0x08000172   0x08000172   0x00000000   Code   RO         4076    .ARM.Collect$$rtentry$$0000000C  c_w.l(__rtentry2.o)
    0x08000172   0x08000172   0x00000008   Code   RO         4077    .ARM.Collect$$rtentry$$0000000D  c_w.l(__rtentry2.o)
    0x0800017a   0x0800017a   0x00000002   Code   RO         4157    .ARM.Collect$$rtexit$$00000000  c_w.l(rtexit.o)
    0x0800017c   0x0800017c   0x00000000   Code   RO         4210    .ARM.Collect$$rtexit$$00000002  c_w.l(rtexit2.o)
    0x0800017c   0x0800017c   0x00000004   Code   RO         4211    .ARM.Collect$$rtexit$$00000003  c_w.l(rtexit2.o)
    0x08000180   0x08000180   0x00000006   Code   RO         4212    .ARM.Collect$$rtexit$$00000004  c_w.l(rtexit2.o)
    0x08000186   0x08000186   0x00000002   PAD
    0x08000188   0x08000188   0x00000040   Code   RO            4    .text               startup_stm32f10x_md.o
    0x080001c8   0x080001c8   0x00000006   Code   RO         3909    .text               c_w.l(heapauxi.o)
    0x080001ce   0x080001ce   0x0000004a   Code   RO         4103    .text               c_w.l(sys_stackheap_outer.o)
    0x08000218   0x08000218   0x00000012   Code   RO         4142    .text               c_w.l(exit.o)
    0x0800022a   0x0800022a   0x00000002   PAD
    0x0800022c   0x0800022c   0x00000008   Code   RO         4154    .text               c_w.l(libspace.o)
    0x08000234   0x08000234   0x0000000c   Code   RO         4220    .text               c_w.l(sys_exit.o)
    0x08000240   0x08000240   0x00000002   Code   RO         4231    .text               c_w.l(use_no_semi.o)
    0x08000242   0x08000242   0x00000000   Code   RO         4233    .text               c_w.l(indicate_semi.o)
    0x08000242   0x08000242   0x00000004   Code   RO         3842    i.BusFault_Handler  stm32f10x_it.o
    0x08000246   0x08000246   0x00000002   Code   RO         3843    i.DebugMon_Handler  stm32f10x_it.o
    0x08000248   0x08000248   0x00000018   Code   RO         3196    i.Delay_ms          delay.o
    0x08000260   0x08000260   0x00000018   Code   RO         3197    i.Delay_s           delay.o
    0x08000278   0x08000278   0x0000002e   Code   RO         3198    i.Delay_us          delay.o
    0x080002a6   0x080002a6   0x00000002   PAD
    0x080002a8   0x080002a8   0x0000001c   Code   RO         3409    i.Encoder_Get       encoder.o
    0x080002c4   0x080002c4   0x0000001c   Code   RO         3410    i.Encoder_Get2      encoder.o
    0x080002e0   0x080002e0   0x000000a4   Code   RO         3411    i.Encoder_Init      encoder.o
    0x08000384   0x08000384   0x000000a0   Code   RO         3412    i.Encoder_Init2     encoder.o
    0x08000424   0x08000424   0x00000116   Code   RO         1347    i.GPIO_Init         stm32f10x_gpio.o
    0x0800053a   0x0800053a   0x00000012   Code   RO         1351    i.GPIO_ReadInputDataBit  stm32f10x_gpio.o
    0x0800054c   0x0800054c   0x00000004   Code   RO         1354    i.GPIO_ResetBits    stm32f10x_gpio.o
    0x08000550   0x08000550   0x00000004   Code   RO         1355    i.GPIO_SetBits      stm32f10x_gpio.o
    0x08000554   0x08000554   0x0000000a   Code   RO         1358    i.GPIO_WriteBit     stm32f10x_gpio.o
    0x0800055e   0x0800055e   0x00000004   Code   RO         3844    i.HardFault_Handler  stm32f10x_it.o
    0x08000562   0x08000562   0x00000018   Code   RO         1459    i.I2C_AcknowledgeConfig  stm32f10x_i2c.o
    0x0800057a   0x0800057a   0x0000002a   Code   RO         1461    i.I2C_CheckEvent    stm32f10x_i2c.o
    0x080005a4   0x080005a4   0x00000018   Code   RO         1464    i.I2C_Cmd           stm32f10x_i2c.o
    0x080005bc   0x080005bc   0x00000018   Code   RO         1471    i.I2C_GenerateSTART  stm32f10x_i2c.o
    0x080005d4   0x080005d4   0x00000018   Code   RO         1472    i.I2C_GenerateSTOP  stm32f10x_i2c.o
    0x080005ec   0x080005ec   0x000000ec   Code   RO         1478    i.I2C_Init          stm32f10x_i2c.o
    0x080006d8   0x080006d8   0x00000008   Code   RO         1483    i.I2C_ReceiveData   stm32f10x_i2c.o
    0x080006e0   0x080006e0   0x00000012   Code   RO         1485    i.I2C_Send7bitAddress  stm32f10x_i2c.o
    0x080006f2   0x080006f2   0x00000004   Code   RO         1486    i.I2C_SendData      stm32f10x_i2c.o
    0x080006f6   0x080006f6   0x000000ac   Code   RO         3725    i.MPU6050_GetData   mpu6050.o
    0x080007a2   0x080007a2   0x00000002   PAD
    0x080007a4   0x080007a4   0x000000a4   Code   RO         3727    i.MPU6050_Init      mpu6050.o
    0x08000848   0x08000848   0x00000098   Code   RO         3728    i.MPU6050_ReadReg   mpu6050.o
    0x080008e0   0x080008e0   0x00000022   Code   RO         3729    i.MPU6050_WaitEvent  mpu6050.o
    0x08000902   0x08000902   0x00000002   PAD
    0x08000904   0x08000904   0x00000064   Code   RO         3730    i.MPU6050_WriteReg  mpu6050.o
    0x08000968   0x08000968   0x00000004   Code   RO         3845    i.MemManage_Handler  stm32f10x_it.o
    0x0800096c   0x0800096c   0x00000002   Code   RO         3846    i.NMI_Handler       stm32f10x_it.o
    0x0800096e   0x0800096e   0x00000002   PAD
    0x08000970   0x08000970   0x00000070   Code   RO          137    i.NVIC_Init         misc.o
    0x080009e0   0x080009e0   0x00000014   Code   RO          138    i.NVIC_PriorityGroupConfig  misc.o
    0x080009f4   0x080009f4   0x0000002a   Code   RO         3301    i.OLED_Clear        oled.o
    0x08000a1e   0x08000a1e   0x00000002   PAD
    0x08000a20   0x08000a20   0x0000004c   Code   RO         3302    i.OLED_I2C_Init     oled.o
    0x08000a6c   0x08000a6c   0x00000050   Code   RO         3303    i.OLED_I2C_SendByte  oled.o
    0x08000abc   0x08000abc   0x00000030   Code   RO         3304    i.OLED_I2C_Start    oled.o
    0x08000aec   0x08000aec   0x00000028   Code   RO         3305    i.OLED_I2C_Stop     oled.o
    0x08000b14   0x08000b14   0x000000ae   Code   RO         3306    i.OLED_Init         oled.o
    0x08000bc2   0x08000bc2   0x00000014   Code   RO         3307    i.OLED_Pow          oled.o
    0x08000bd6   0x08000bd6   0x00000022   Code   RO         3308    i.OLED_SetCursor    oled.o
    0x08000bf8   0x08000bf8   0x00000074   Code   RO         3310    i.OLED_ShowChar     oled.o
    0x08000c6c   0x08000c6c   0x00000054   Code   RO         3311    i.OLED_ShowHexNum   oled.o
    0x08000cc0   0x08000cc0   0x00000028   Code   RO         3314    i.OLED_ShowString   oled.o
    0x08000ce8   0x08000ce8   0x00000020   Code   RO         3315    i.OLED_WriteCommand  oled.o
    0x08000d08   0x08000d08   0x00000020   Code   RO         3316    i.OLED_WriteData    oled.o
    0x08000d28   0x08000d28   0x00000002   Code   RO         3847    i.PendSV_Handler    stm32f10x_it.o
    0x08000d2a   0x08000d2a   0x00000002   PAD
    0x08000d2c   0x08000d2c   0x00000020   Code   RO         1775    i.RCC_APB1PeriphClockCmd  stm32f10x_rcc.o
    0x08000d4c   0x08000d4c   0x00000020   Code   RO         1777    i.RCC_APB2PeriphClockCmd  stm32f10x_rcc.o
    0x08000d6c   0x08000d6c   0x000000d4   Code   RO         1785    i.RCC_GetClocksFreq  stm32f10x_rcc.o
    0x08000e40   0x08000e40   0x00000002   Code   RO         3848    i.SVC_Handler       stm32f10x_it.o
    0x08000e42   0x08000e42   0x00000002   PAD
    0x08000e44   0x08000e44   0x00000058   Code   RO         3685    i.Sensor_init       sensor.o
    0x08000e9c   0x08000e9c   0x000000b8   Code   RO         3528    i.Serial_Init       serial.o
    0x08000f54   0x08000f54   0x00000008   Code   RO           24    i.SetSysClock       system_stm32f10x.o
    0x08000f5c   0x08000f5c   0x000000e0   Code   RO           25    i.SetSysClockTo72   system_stm32f10x.o
    0x0800103c   0x0800103c   0x00000064   Code   RO         3609    i.Set_speed         pid.o
    0x080010a0   0x080010a0   0x000000dc   Code   RO         3610    i.Su_fortrack       pid.o
    0x0800117c   0x0800117c   0x00000058   Code   RO         3611    i.Su_forturn        pid.o
    0x080011d4   0x080011d4   0x00000002   Code   RO         3849    i.SysTick_Handler   stm32f10x_it.o
    0x080011d6   0x080011d6   0x00000002   PAD
    0x080011d8   0x080011d8   0x00000060   Code   RO           27    i.SystemInit        system_stm32f10x.o
    0x08001238   0x08001238   0x00000080   Code   RO         2405    i.TI1_Config        stm32f10x_tim.o
    0x080012b8   0x080012b8   0x00000098   Code   RO         2406    i.TI2_Config        stm32f10x_tim.o
    0x08001350   0x08001350   0x00000090   Code   RO         2407    i.TI3_Config        stm32f10x_tim.o
    0x080013e0   0x080013e0   0x00000098   Code   RO         2408    i.TI4_Config        stm32f10x_tim.o
    0x08001478   0x08001478   0x000000d0   Code   RO         3439    i.TIM2_PWM_Init     pwm.o
    0x08001548   0x08001548   0x00000060   Code   RO         3440    i.TIM3_Init_Init    pwm.o
    0x080015a8   0x080015a8   0x000001fc   Code   RO         3782    i.TIM4_IRQHandler   main.o
    0x080017a4   0x080017a4   0x00000018   Code   RO         2409    i.TIM_ARRPreloadConfig  stm32f10x_tim.o
    0x080017bc   0x080017bc   0x00000018   Code   RO         2421    i.TIM_Cmd           stm32f10x_tim.o
    0x080017d4   0x080017d4   0x00000042   Code   RO         2430    i.TIM_EncoderInterfaceConfig  stm32f10x_tim.o
    0x08001816   0x08001816   0x00000006   Code   RO         2440    i.TIM_GetCounter    stm32f10x_tim.o
    0x0800181c   0x0800181c   0x000000ac   Code   RO         2444    i.TIM_ICInit        stm32f10x_tim.o
    0x080018c8   0x080018c8   0x00000012   Code   RO         2445    i.TIM_ICStructInit  stm32f10x_tim.o
    0x080018da   0x080018da   0x00000012   Code   RO         2446    i.TIM_ITConfig      stm32f10x_tim.o
    0x080018ec   0x080018ec   0x000000a0   Code   RO         2460    i.TIM_OC3Init       stm32f10x_tim.o
    0x0800198c   0x0800198c   0x00000012   Code   RO         2463    i.TIM_OC3PreloadConfig  stm32f10x_tim.o
    0x0800199e   0x0800199e   0x00000002   PAD
    0x080019a0   0x080019a0   0x0000007c   Code   RO         2465    i.TIM_OC4Init       stm32f10x_tim.o
    0x08001a1c   0x08001a1c   0x0000001a   Code   RO         2467    i.TIM_OC4PreloadConfig  stm32f10x_tim.o
    0x08001a36   0x08001a36   0x00000004   Code   RO         2484    i.TIM_SetCompare3   stm32f10x_tim.o
    0x08001a3a   0x08001a3a   0x00000006   Code   RO         2485    i.TIM_SetCompare4   stm32f10x_tim.o
    0x08001a40   0x08001a40   0x00000004   Code   RO         2486    i.TIM_SetCounter    stm32f10x_tim.o
    0x08001a44   0x08001a44   0x00000012   Code   RO         2487    i.TIM_SetIC1Prescaler  stm32f10x_tim.o
    0x08001a56   0x08001a56   0x0000001a   Code   RO         2488    i.TIM_SetIC2Prescaler  stm32f10x_tim.o
    0x08001a70   0x08001a70   0x00000012   Code   RO         2489    i.TIM_SetIC3Prescaler  stm32f10x_tim.o
    0x08001a82   0x08001a82   0x0000001a   Code   RO         2490    i.TIM_SetIC4Prescaler  stm32f10x_tim.o
    0x08001a9c   0x08001a9c   0x000000a4   Code   RO         2492    i.TIM_TimeBaseInit  stm32f10x_tim.o
    0x08001b40   0x08001b40   0x00000094   Code   RO         3536    i.USART3_IRQHandler  serial.o
    0x08001bd4   0x08001bd4   0x0000001e   Code   RO         2957    i.USART_ClearITPendingBit  stm32f10x_usart.o
    0x08001bf2   0x08001bf2   0x00000018   Code   RO         2960    i.USART_Cmd         stm32f10x_usart.o
    0x08001c0a   0x08001c0a   0x00000054   Code   RO         2964    i.USART_GetITStatus  stm32f10x_usart.o
    0x08001c5e   0x08001c5e   0x0000004a   Code   RO         2966    i.USART_ITConfig    stm32f10x_usart.o
    0x08001ca8   0x08001ca8   0x000000d8   Code   RO         2967    i.USART_Init        stm32f10x_usart.o
    0x08001d80   0x08001d80   0x0000000a   Code   RO         2974    i.USART_ReceiveData  stm32f10x_usart.o
    0x08001d8a   0x08001d8a   0x00000004   Code   RO         3850    i.UsageFault_Handler  stm32f10x_it.o
    0x08001d8e   0x08001d8e   0x00000002   PAD
    0x08001d90   0x08001d90   0x00000058   Code   RO         3612    i.Xianfu            pid.o
    0x08001de8   0x08001de8   0x00000010   Code   RO         3613    i.aybs              pid.o
    0x08001df8   0x08001df8   0x0000002c   Code   RO         3770    i.bluetooth_init    bluetooth.o
    0x08001e24   0x08001e24   0x0000002c   Code   RO         3707    i.buzzer_init       buzzer.o
    0x08001e50   0x08001e50   0x00000024   Code   RO         3708    i.buzzer_on         buzzer.o
    0x08001e74   0x08001e74   0x00000030   Code   RO         3458    i.forward           lunzi.o
    0x08001ea4   0x08001ea4   0x00000050   Code   RO         3461    i.lunzi_Init        lunzi.o
    0x08001ef4   0x08001ef4   0x000000d8   Code   RO         3783    i.main              main.o
    0x08001fcc   0x08001fcc   0x000000d8   Code   RO         3614    i.pid1              pid.o
    0x080020a4   0x080020a4   0x000000d8   Code   RO         3615    i.pid2              pid.o
    0x0800217c   0x0800217c   0x00000364   Code   RO         3686    i.read_sensor       sensor.o
    0x080024e0   0x080024e0   0x00000030   Code   RO         3464    i.stop              lunzi.o
    0x08002510   0x08002510   0x000000e4   Code   RO         3617    i.turn_pid          pid.o
    0x080025f4   0x080025f4   0x00000062   Code   RO         3913    x$fpl$d2f           fz_ws.l(d2f.o)
    0x08002656   0x08002656   0x00000002   PAD
    0x08002658   0x08002658   0x00000150   Code   RO         3915    x$fpl$dadd          fz_ws.l(daddsub_clz.o)
    0x080027a8   0x080027a8   0x000002b0   Code   RO         3922    x$fpl$ddiv          fz_ws.l(ddiv.o)
    0x08002a58   0x08002a58   0x0000002e   Code   RO         3926    x$fpl$dflt          fz_ws.l(dflt_clz.o)
    0x08002a86   0x08002a86   0x0000009c   Code   RO         4051    x$fpl$dnaninf       fz_ws.l(dnaninf.o)
    0x08002b22   0x08002b22   0x0000000c   Code   RO         4053    x$fpl$dretinf       fz_ws.l(dretinf.o)
    0x08002b2e   0x08002b2e   0x00000002   PAD
    0x08002b30   0x08002b30   0x000001d4   Code   RO         3917    x$fpl$dsub          fz_ws.l(daddsub_clz.o)
    0x08002d04   0x08002d04   0x00000056   Code   RO         3931    x$fpl$f2d           fz_ws.l(f2d.o)
    0x08002d5a   0x08002d5a   0x00000002   PAD
    0x08002d5c   0x08002d5c   0x000000c4   Code   RO         3933    x$fpl$fadd          fz_ws.l(faddsub_clz.o)
    0x08002e20   0x08002e20   0x00000018   Code   RO         4055    x$fpl$fcmpinf       fz_ws.l(fcmpi.o)
    0x08002e38   0x08002e38   0x00000184   Code   RO         3940    x$fpl$fdiv          fz_ws.l(fdiv.o)
    0x08002fbc   0x08002fbc   0x00000036   Code   RO         3943    x$fpl$ffix          fz_ws.l(ffix.o)
    0x08002ff2   0x08002ff2   0x00000002   PAD
    0x08002ff4   0x08002ff4   0x00000030   Code   RO         3948    x$fpl$fflt          fz_ws.l(fflt_clz.o)
    0x08003024   0x08003024   0x00000068   Code   RO         3953    x$fpl$fleqf         fz_ws.l(fleqf.o)
    0x0800308c   0x0800308c   0x00000102   Code   RO         3955    x$fpl$fmul          fz_ws.l(fmul.o)
    0x0800318e   0x0800318e   0x0000008c   Code   RO         4057    x$fpl$fnaninf       fz_ws.l(fnaninf.o)
    0x0800321a   0x0800321a   0x0000000a   Code   RO         4059    x$fpl$fretinf       fz_ws.l(fretinf.o)
    0x08003224   0x08003224   0x00000062   Code   RO         3957    x$fpl$frleqf        fz_ws.l(frleqf.o)
    0x08003286   0x08003286   0x00000014   Code   RO         3934    x$fpl$frsb          fz_ws.l(faddsub_clz.o)
    0x0800329a   0x0800329a   0x00000002   PAD
    0x0800329c   0x0800329c   0x000000ea   Code   RO         3935    x$fpl$fsub          fz_ws.l(faddsub_clz.o)
    0x08003386   0x08003386   0x00000000   Code   RO         4069    x$fpl$usenofp       fz_ws.l(usenofp.o)
    0x08003386   0x08003386   0x000005f0   Data   RO         3317    .constdata          oled.o
    0x08003976   0x08003976   0x00000002   PAD
    0x08003978   0x08003978   0x00000020   Data   RO         4286    Region$$Table       anon$$obj.o


    Execution Region RW_IRAM1 (Exec base: 0x20000000, Load base: 0x08003998, Size: 0x00000780, Max: 0x00010000, ABSOLUTE)

    Exec Addr    Load Addr    Size         Type   Attr      Idx    E Section Name        Object

    0x20000000   0x08003998   0x00000014   Data   RW         1805    .data               stm32f10x_rcc.o
    0x20000014   0x080039ac   0x00000004   Data   RW         3465    .data               lunzi.o
    0x20000018   0x080039b0   0x0000000b   Data   RW         3538    .data               serial.o
    0x20000023   0x080039bb   0x00000001   PAD
    0x20000024   0x080039bc   0x00000094   Data   RW         3618    .data               pid.o
    0x200000b8   0x08003a50   0x0000001c   Data   RW         3688    .data               sensor.o
    0x200000d4   0x08003a6c   0x00000032   Data   RW         3784    .data               main.o
    0x20000106   0x08003a9e   0x00000002   PAD
    0x20000108        -       0x00000018   Zero   RW         3687    .bss                sensor.o
    0x20000120        -       0x00000060   Zero   RW         4155    .bss                c_w.l(libspace.o)
    0x20000180        -       0x00000200   Zero   RW            2    HEAP                startup_stm32f10x_md.o
    0x20000380        -       0x00000400   Zero   RW            1    STACK               startup_stm32f10x_md.o


==============================================================================

Image component sizes


      Code (inc. data)   RO Data    RW Data    ZI Data      Debug   Object Name

        44          4          0          0          0        481   bluetooth.o
        80         10          0          0          0        902   buzzer.o
         0          0          0          0          0       4500   core_cm3.o
        94          0          0          0          0       1384   delay.o
       380         30          0          0          0       2208   encoder.o
       176         24          0          4          0       1563   lunzi.o
       724        118          0         50          0       1783   main.o
       132         22          0          0          0     206123   misc.o
       622         38          0          0          0       3466   mpu6050.o
       818         26       1520          0          0       7520   oled.o
      1172        188          0        148          0       5735   pid.o
       304         10          0          0          0       1385   pwm.o
       956         54          0         28         24       2384   sensor.o
       332         30          0         11          0       1938   serial.o
        64         26        236          0       1536        804   startup_stm32f10x_md.o
         0          0          0          0          0       1652   stm32f10x_adc.o
       314          0          0          0          0      12300   stm32f10x_gpio.o
       404         14          0          0          0      14508   stm32f10x_i2c.o
        26          0          0          0          0       3694   stm32f10x_it.o
       276         32          0         20          0      12946   stm32f10x_rcc.o
      1498        170          0          0          0      34240   stm32f10x_tim.o
       438          6          0          0          0      11336   stm32f10x_usart.o
       328         28          0          0          0      53097   system_stm32f10x.o

    ----------------------------------------------------------------------
      9202        830       1790        264       1560     385949   Object Totals
         0          0         32          0          0          0   (incl. Generated)
        20          0          2          3          0          0   (incl. Padding)

    ----------------------------------------------------------------------

      Code (inc. data)   RO Data    RW Data    ZI Data      Debug   Library Member Name

         8          0          0          0          0         68   __main.o
         0          0          0          0          0          0   __rtentry.o
        12          0          0          0          0          0   __rtentry2.o
         6          0          0          0          0          0   __rtentry4.o
        52          8          0          0          0          0   __scatter.o
        26          0          0          0          0          0   __scatter_copy.o
        28          0          0          0          0          0   __scatter_zi.o
        18          0          0          0          0         80   exit.o
         6          0          0          0          0        152   heapauxi.o
         0          0          0          0          0          0   indicate_semi.o
         2          0          0          0          0          0   libinit.o
         2          0          0          0          0          0   libinit2.o
         2          0          0          0          0          0   libshutdown.o
         2          0          0          0          0          0   libshutdown2.o
         8          4          0          0         96         68   libspace.o
         2          0          0          0          0          0   rtexit.o
        10          0          0          0          0          0   rtexit2.o
        12          4          0          0          0         68   sys_exit.o
        74          0          0          0          0         80   sys_stackheap_outer.o
         2          0          0          0          0         68   use_no_semi.o
        98          4          0          0          0         92   d2f.o
       804         16          0          0          0        272   daddsub_clz.o
       688        140          0          0          0        208   ddiv.o
        46          0          0          0          0         68   dflt_clz.o
       156          4          0          0          0         92   dnaninf.o
        12          0          0          0          0         68   dretinf.o
        86          4          0          0          0         84   f2d.o
       450          8          0          0          0        236   faddsub_clz.o
        24          0          0          0          0         68   fcmpi.o
       388         76          0          0          0         96   fdiv.o
        54          4          0          0          0         84   ffix.o
        48          0          0          0          0         68   fflt_clz.o
       104          4          0          0          0         84   fleqf.o
       258          4          0          0          0         84   fmul.o
       140          4          0          0          0         84   fnaninf.o
        10          0          0          0          0         68   fretinf.o
        98          0          0          0          0         68   frleqf.o
         0          0          0          0          0          0   usenofp.o

    ----------------------------------------------------------------------
      3752        284          0          0         96       2408   Library Totals
        16          0          0          0          0          0   (incl. Padding)

    ----------------------------------------------------------------------

      Code (inc. data)   RO Data    RW Data    ZI Data      Debug   Library Name

       272         16          0          0         96        584   c_w.l
      3464        268          0          0          0       1824   fz_ws.l

    ----------------------------------------------------------------------
      3752        284          0          0         96       2408   Library Totals

    ----------------------------------------------------------------------

==============================================================================


      Code (inc. data)   RO Data    RW Data    ZI Data      Debug   

     12954       1114       1790        264       1656     381801   Grand Totals
     12954       1114       1790        264       1656     381801   ELF Image Totals
     12954       1114       1790        264          0          0   ROM Totals

==============================================================================

    Total RO  Size (Code + RO Data)                14744 (  14.40kB)
    Total RW  Size (RW Data + ZI Data)              1920 (   1.88kB)
    Total ROM Size (Code + RO Data + RW Data)      15008 (  14.66kB)

==============================================================================

